[logging.py:86 INFO] Step 3: torchinductor compiling BACKWARDS graph 0
[triton.py:1228 CODE] schedule: [SchedulerNode(name='buf0')]
[triton.py:1228 CODE] schedule: [SchedulerNode(name='buf1')]
[triton.py:1228 CODE] schedule: [SchedulerNode(name='buf2'), <class 'torch._inductor.codegen.triton.DisableReduction'>, <class 'torch._inductor.codegen.triton.EnableReduction'>, SchedulerNode(name='buf3')]
[scheduler.py:1032 DEBUG] remove_buffer('buf2')
[triton.py:1228 CODE] schedule: [SchedulerNode(name='buf6')]
[triton.py:1228 CODE] schedule: [SchedulerNode(name='buf7'), SchedulerNode(name='buf8'), <class 'torch._inductor.codegen.triton.DisableReduction'>, <class 'torch._inductor.codegen.triton.EnableReduction'>, SchedulerNode(name='buf13')]
[scheduler.py:1032 DEBUG] remove_buffer('buf7')
[scheduler.py:1032 DEBUG] remove_buffer('buf8')
[triton.py:1228 CODE] schedule: [SchedulerNode(name='buf9'), SchedulerNode(name='buf11')]
[triton.py:1228 CODE] schedule: [SchedulerNode(name='buf10')]
[triton.py:1228 CODE] schedule: [SchedulerNode(name='buf12')]
[triton.py:1228 CODE] schedule: [SchedulerNode(name='buf16')]
[triton.py:1228 CODE] schedule: [SchedulerNode(name='buf17')]
[triton.py:1228 CODE] schedule: [SchedulerNode(name='buf18'), SchedulerNode(name='buf19'), <class 'torch._inductor.codegen.triton.DisableReduction'>, <class 'torch._inductor.codegen.triton.EnableReduction'>, SchedulerNode(name='buf20'), <class 'torch._inductor.codegen.triton.DisableReduction'>, <class 'torch._inductor.codegen.triton.EnableReduction'>, SchedulerNode(name='buf25')]
[scheduler.py:1032 DEBUG] remove_buffer('buf18')
[scheduler.py:1032 DEBUG] remove_buffer('buf19')
[triton.py:1228 CODE] schedule: [SchedulerNode(name='buf21'), SchedulerNode(name='buf23')]
[triton.py:1228 CODE] schedule: [SchedulerNode(name='buf22')]
[triton.py:1228 CODE] schedule: [SchedulerNode(name='buf24')]
[triton.py:1228 CODE] schedule: [SchedulerNode(name='buf28')]
[triton.py:1228 CODE] schedule: [SchedulerNode(name='buf29')]
[triton.py:1228 CODE] schedule: [SchedulerNode(name='buf30')]
[triton.py:1228 CODE] schedule: [SchedulerNode(name='buf33')]
[triton.py:1228 CODE] schedule: [SchedulerNode(name='buf34')]
[triton.py:1228 CODE] schedule: [SchedulerNode(name='buf35'), SchedulerNode(name='buf36'), <class 'torch._inductor.codegen.triton.DisableReduction'>, <class 'torch._inductor.codegen.triton.EnableReduction'>, SchedulerNode(name='buf37'), <class 'torch._inductor.codegen.triton.DisableReduction'>, <class 'torch._inductor.codegen.triton.EnableReduction'>, SchedulerNode(name='buf42')]
[scheduler.py:1032 DEBUG] remove_buffer('buf35')
[scheduler.py:1032 DEBUG] remove_buffer('buf36')
[triton.py:1228 CODE] schedule: [SchedulerNode(name='buf38'), SchedulerNode(name='buf40')]
[triton.py:1228 CODE] schedule: [SchedulerNode(name='buf39')]
[triton.py:1228 CODE] schedule: [SchedulerNode(name='buf41')]
[triton.py:1228 CODE] schedule: [SchedulerNode(name='buf45')]
[triton.py:1228 CODE] schedule: [SchedulerNode(name='buf46')]
[triton.py:1228 CODE] schedule: [SchedulerNode(name='buf47')]
[triton.py:1228 CODE] schedule: [SchedulerNode(name='buf50'), <class 'torch._inductor.codegen.triton.DisableReduction'>, <class 'torch._inductor.codegen.triton.EnableReduction'>, SchedulerNode(name='buf51')]
[scheduler.py:1032 DEBUG] remove_buffer('buf50')
[triton.py:1228 CODE] schedule: [SchedulerNode(name='buf54')]
[triton.py:1228 CODE] schedule: [SchedulerNode(name='buf57')]
[triton.py:1228 CODE] schedule: [SchedulerNode(name='buf58')]
[triton.py:1228 CODE] schedule: [SchedulerNode(name='buf59')]
[triton.py:1228 CODE] schedule: [SchedulerNode(name='buf62')]
[triton.py:1228 CODE] schedule: [SchedulerNode(name='buf63')]
[triton.py:1228 CODE] schedule: [SchedulerNode(name='buf64')]
[triton.py:1228 CODE] schedule: [SchedulerNode(name='buf67')]
[triton.py:1228 CODE] schedule: [SchedulerNode(name='buf68')]
[triton.py:1228 CODE] schedule: [SchedulerNode(name='buf69'), <class 'torch._inductor.codegen.triton.DisableReduction'>, <class 'torch._inductor.codegen.triton.EnableReduction'>, SchedulerNode(name='buf70'), SchedulerNode(name='buf71'), <class 'torch._inductor.codegen.triton.DisableReduction'>, <class 'torch._inductor.codegen.triton.EnableReduction'>, SchedulerNode(name='buf72'), <class 'torch._inductor.codegen.triton.DisableReduction'>, <class 'torch._inductor.codegen.triton.EnableReduction'>, SchedulerNode(name='buf77')]
[scheduler.py:1032 DEBUG] remove_buffer('buf70')
[scheduler.py:1032 DEBUG] remove_buffer('buf71')
[triton.py:1228 CODE] schedule: [SchedulerNode(name='buf73'), SchedulerNode(name='buf75')]
[triton.py:1228 CODE] schedule: [SchedulerNode(name='buf74')]
[triton.py:1228 CODE] schedule: [SchedulerNode(name='buf76')]
[triton.py:1228 CODE] schedule: [SchedulerNode(name='buf80')]
[triton.py:1228 CODE] schedule: [SchedulerNode(name='buf81')]
[triton.py:1228 CODE] schedule: [SchedulerNode(name='buf82')]
[triton.py:1228 CODE] schedule: [SchedulerNode(name='buf85')]
[triton.py:1228 CODE] schedule: [SchedulerNode(name='buf86')]
[triton.py:1228 CODE] schedule: [SchedulerNode(name='buf87'), SchedulerNode(name='buf88'), <class 'torch._inductor.codegen.triton.DisableReduction'>, <class 'torch._inductor.codegen.triton.EnableReduction'>, SchedulerNode(name='buf89'), <class 'torch._inductor.codegen.triton.DisableReduction'>, <class 'torch._inductor.codegen.triton.EnableReduction'>, SchedulerNode(name='buf94')]
[scheduler.py:1032 DEBUG] remove_buffer('buf87')
[scheduler.py:1032 DEBUG] remove_buffer('buf88')
[triton.py:1228 CODE] schedule: [SchedulerNode(name='buf90'), SchedulerNode(name='buf92')]
[triton.py:1228 CODE] schedule: [SchedulerNode(name='buf91')]
[triton.py:1228 CODE] schedule: [SchedulerNode(name='buf93')]
[triton.py:1228 CODE] schedule: [SchedulerNode(name='buf97')]
[triton.py:1228 CODE] schedule: [SchedulerNode(name='buf98')]
[triton.py:1228 CODE] schedule: [SchedulerNode(name='buf99')]
[triton.py:1228 CODE] schedule: [SchedulerNode(name='buf102'), <class 'torch._inductor.codegen.triton.DisableReduction'>, <class 'torch._inductor.codegen.triton.EnableReduction'>, SchedulerNode(name='buf103')]
[scheduler.py:1032 DEBUG] remove_buffer('buf102')
[triton.py:1228 CODE] schedule: [SchedulerNode(name='buf106')]
[triton.py:1228 CODE] schedule: [SchedulerNode(name='buf109')]
[triton.py:1228 CODE] schedule: [SchedulerNode(name='buf110')]
[triton.py:1228 CODE] schedule: [SchedulerNode(name='buf111')]
[triton.py:1228 CODE] schedule: [SchedulerNode(name='buf114')]
[triton.py:1228 CODE] schedule: [SchedulerNode(name='buf115')]
[triton.py:1228 CODE] schedule: [SchedulerNode(name='buf116')]
[triton.py:1228 CODE] schedule: [SchedulerNode(name='buf119')]
[triton.py:1228 CODE] schedule: [SchedulerNode(name='buf120')]
[triton.py:1228 CODE] schedule: [SchedulerNode(name='buf121'), <class 'torch._inductor.codegen.triton.DisableReduction'>, <class 'torch._inductor.codegen.triton.EnableReduction'>, SchedulerNode(name='buf122'), SchedulerNode(name='buf123'), <class 'torch._inductor.codegen.triton.DisableReduction'>, <class 'torch._inductor.codegen.triton.EnableReduction'>, SchedulerNode(name='buf124'), <class 'torch._inductor.codegen.triton.DisableReduction'>, <class 'torch._inductor.codegen.triton.EnableReduction'>, SchedulerNode(name='buf129')]
[scheduler.py:1032 DEBUG] remove_buffer('buf122')
[scheduler.py:1032 DEBUG] remove_buffer('buf123')
[triton.py:1228 CODE] schedule: [SchedulerNode(name='buf125'), SchedulerNode(name='buf127')]
[triton.py:1228 CODE] schedule: [SchedulerNode(name='buf126')]
[triton.py:1228 CODE] schedule: [SchedulerNode(name='buf128')]
[triton.py:1228 CODE] schedule: [SchedulerNode(name='buf132')]
[triton.py:1228 CODE] schedule: [SchedulerNode(name='buf133')]
[triton.py:1228 CODE] schedule: [SchedulerNode(name='buf134')]
[triton.py:1228 CODE] schedule: [SchedulerNode(name='buf137')]
[triton.py:1228 CODE] schedule: [SchedulerNode(name='buf138')]
[triton.py:1228 CODE] schedule: [SchedulerNode(name='buf139'), SchedulerNode(name='buf140'), <class 'torch._inductor.codegen.triton.DisableReduction'>, <class 'torch._inductor.codegen.triton.EnableReduction'>, SchedulerNode(name='buf141'), <class 'torch._inductor.codegen.triton.DisableReduction'>, <class 'torch._inductor.codegen.triton.EnableReduction'>, SchedulerNode(name='buf146')]
[scheduler.py:1032 DEBUG] remove_buffer('buf140')
[scheduler.py:1032 DEBUG] remove_buffer('buf139')
[triton.py:1228 CODE] schedule: [SchedulerNode(name='buf142'), SchedulerNode(name='buf144')]
[triton.py:1228 CODE] schedule: [SchedulerNode(name='buf143')]
[triton.py:1228 CODE] schedule: [SchedulerNode(name='buf145')]
[triton.py:1228 CODE] schedule: [SchedulerNode(name='buf149')]
[triton.py:1228 CODE] schedule: [SchedulerNode(name='buf150')]
[triton.py:1228 CODE] schedule: [SchedulerNode(name='buf151')]
[triton.py:1228 CODE] schedule: [SchedulerNode(name='buf154'), <class 'torch._inductor.codegen.triton.DisableReduction'>, <class 'torch._inductor.codegen.triton.EnableReduction'>, SchedulerNode(name='buf155')]
[scheduler.py:1032 DEBUG] remove_buffer('buf154')
[triton.py:1228 CODE] schedule: [SchedulerNode(name='buf158')]
[triton.py:1228 CODE] schedule: [SchedulerNode(name='buf161')]
[triton.py:1228 CODE] schedule: [SchedulerNode(name='buf162')]
[triton.py:1228 CODE] schedule: [SchedulerNode(name='buf163')]
[triton.py:1228 CODE] schedule: [SchedulerNode(name='buf166')]
[triton.py:1228 CODE] schedule: [SchedulerNode(name='buf167')]
[triton.py:1228 CODE] schedule: [SchedulerNode(name='buf168')]
[triton.py:1228 CODE] schedule: [SchedulerNode(name='buf171')]
[triton.py:1228 CODE] schedule: [SchedulerNode(name='buf172')]
[triton.py:1228 CODE] schedule: [SchedulerNode(name='buf173'), <class 'torch._inductor.codegen.triton.DisableReduction'>, <class 'torch._inductor.codegen.triton.EnableReduction'>, SchedulerNode(name='buf174'), SchedulerNode(name='buf175'), <class 'torch._inductor.codegen.triton.DisableReduction'>, <class 'torch._inductor.codegen.triton.EnableReduction'>, SchedulerNode(name='buf176'), <class 'torch._inductor.codegen.triton.DisableReduction'>, <class 'torch._inductor.codegen.triton.EnableReduction'>, SchedulerNode(name='buf181')]
[scheduler.py:1032 DEBUG] remove_buffer('buf174')
[scheduler.py:1032 DEBUG] remove_buffer('buf175')
[triton.py:1228 CODE] schedule: [SchedulerNode(name='buf177'), SchedulerNode(name='buf179')]
[triton.py:1228 CODE] schedule: [SchedulerNode(name='buf178')]
[triton.py:1228 CODE] schedule: [SchedulerNode(name='buf180')]
[triton.py:1228 CODE] schedule: [SchedulerNode(name='buf184')]
[triton.py:1228 CODE] schedule: [SchedulerNode(name='buf185')]
[triton.py:1228 CODE] schedule: [SchedulerNode(name='buf186')]
[triton.py:1228 CODE] schedule: [SchedulerNode(name='buf189')]
[triton.py:1228 CODE] schedule: [SchedulerNode(name='buf190')]
[triton.py:1228 CODE] schedule: [SchedulerNode(name='buf191'), SchedulerNode(name='buf192'), <class 'torch._inductor.codegen.triton.DisableReduction'>, <class 'torch._inductor.codegen.triton.EnableReduction'>, SchedulerNode(name='buf193'), <class 'torch._inductor.codegen.triton.DisableReduction'>, <class 'torch._inductor.codegen.triton.EnableReduction'>, SchedulerNode(name='buf198')]
[scheduler.py:1032 DEBUG] remove_buffer('buf191')
[scheduler.py:1032 DEBUG] remove_buffer('buf192')
[triton.py:1228 CODE] schedule: [SchedulerNode(name='buf194'), SchedulerNode(name='buf196')]
[triton.py:1228 CODE] schedule: [SchedulerNode(name='buf195')]
[triton.py:1228 CODE] schedule: [SchedulerNode(name='buf197')]
[triton.py:1228 CODE] schedule: [SchedulerNode(name='buf201')]
[triton.py:1228 CODE] schedule: [SchedulerNode(name='buf202')]
[triton.py:1228 CODE] schedule: [SchedulerNode(name='buf203')]
[triton.py:1228 CODE] schedule: [SchedulerNode(name='buf206'), <class 'torch._inductor.codegen.triton.DisableReduction'>, <class 'torch._inductor.codegen.triton.EnableReduction'>, SchedulerNode(name='buf207')]
[scheduler.py:1032 DEBUG] remove_buffer('buf206')
[triton.py:1228 CODE] schedule: [SchedulerNode(name='buf210')]
[triton.py:1228 CODE] schedule: [SchedulerNode(name='buf213')]
[triton.py:1228 CODE] schedule: [SchedulerNode(name='buf214')]
[triton.py:1228 CODE] schedule: [SchedulerNode(name='buf215')]
[triton.py:1228 CODE] schedule: [SchedulerNode(name='buf218')]
[triton.py:1228 CODE] schedule: [SchedulerNode(name='buf219')]
[triton.py:1228 CODE] schedule: [SchedulerNode(name='buf220')]
[triton.py:1228 CODE] schedule: [SchedulerNode(name='buf223')]
[triton.py:1228 CODE] schedule: [SchedulerNode(name='buf224')]
[triton.py:1228 CODE] schedule: [SchedulerNode(name='buf225'), <class 'torch._inductor.codegen.triton.DisableReduction'>, <class 'torch._inductor.codegen.triton.EnableReduction'>, SchedulerNode(name='buf226'), SchedulerNode(name='buf227'), <class 'torch._inductor.codegen.triton.DisableReduction'>, <class 'torch._inductor.codegen.triton.EnableReduction'>, SchedulerNode(name='buf228'), <class 'torch._inductor.codegen.triton.DisableReduction'>, <class 'torch._inductor.codegen.triton.EnableReduction'>, SchedulerNode(name='buf233')]
[scheduler.py:1032 DEBUG] remove_buffer('buf226')
[scheduler.py:1032 DEBUG] remove_buffer('buf227')
[triton.py:1228 CODE] schedule: [SchedulerNode(name='buf229'), SchedulerNode(name='buf231')]
[triton.py:1228 CODE] schedule: [SchedulerNode(name='buf230')]
[triton.py:1228 CODE] schedule: [SchedulerNode(name='buf232')]
[triton.py:1228 CODE] schedule: [SchedulerNode(name='buf236')]
[triton.py:1228 CODE] schedule: [SchedulerNode(name='buf237')]
[triton.py:1228 CODE] schedule: [SchedulerNode(name='buf238')]
[triton.py:1228 CODE] schedule: [SchedulerNode(name='buf241')]
[triton.py:1228 CODE] schedule: [SchedulerNode(name='buf242')]
[triton.py:1228 CODE] schedule: [SchedulerNode(name='buf243'), SchedulerNode(name='buf244'), <class 'torch._inductor.codegen.triton.DisableReduction'>, <class 'torch._inductor.codegen.triton.EnableReduction'>, SchedulerNode(name='buf245'), <class 'torch._inductor.codegen.triton.DisableReduction'>, <class 'torch._inductor.codegen.triton.EnableReduction'>, SchedulerNode(name='buf250')]
[scheduler.py:1032 DEBUG] remove_buffer('buf243')
[scheduler.py:1032 DEBUG] remove_buffer('buf244')
[triton.py:1228 CODE] schedule: [SchedulerNode(name='buf246'), SchedulerNode(name='buf248')]
[triton.py:1228 CODE] schedule: [SchedulerNode(name='buf247')]
[triton.py:1228 CODE] schedule: [SchedulerNode(name='buf249')]
[triton.py:1228 CODE] schedule: [SchedulerNode(name='buf253')]
[triton.py:1228 CODE] schedule: [SchedulerNode(name='buf254')]
[triton.py:1228 CODE] schedule: [SchedulerNode(name='buf255')]
[triton.py:1228 CODE] schedule: [SchedulerNode(name='buf258'), <class 'torch._inductor.codegen.triton.DisableReduction'>, <class 'torch._inductor.codegen.triton.EnableReduction'>, SchedulerNode(name='buf259')]
[scheduler.py:1032 DEBUG] remove_buffer('buf258')
[triton.py:1228 CODE] schedule: [SchedulerNode(name='buf262')]
[triton.py:1228 CODE] schedule: [SchedulerNode(name='buf265')]
[triton.py:1228 CODE] schedule: [SchedulerNode(name='buf266')]
[triton.py:1228 CODE] schedule: [SchedulerNode(name='buf267')]
[triton.py:1228 CODE] schedule: [SchedulerNode(name='buf270')]
[triton.py:1228 CODE] schedule: [SchedulerNode(name='buf271')]
[triton.py:1228 CODE] schedule: [SchedulerNode(name='buf272')]
[triton.py:1228 CODE] schedule: [SchedulerNode(name='buf275')]
[triton.py:1228 CODE] schedule: [SchedulerNode(name='buf276')]
[triton.py:1228 CODE] schedule: [SchedulerNode(name='buf277'), <class 'torch._inductor.codegen.triton.DisableReduction'>, <class 'torch._inductor.codegen.triton.EnableReduction'>, SchedulerNode(name='buf278'), SchedulerNode(name='buf279'), <class 'torch._inductor.codegen.triton.DisableReduction'>, <class 'torch._inductor.codegen.triton.EnableReduction'>, SchedulerNode(name='buf280'), <class 'torch._inductor.codegen.triton.DisableReduction'>, <class 'torch._inductor.codegen.triton.EnableReduction'>, SchedulerNode(name='buf285')]
[scheduler.py:1032 DEBUG] remove_buffer('buf279')
[scheduler.py:1032 DEBUG] remove_buffer('buf278')
[triton.py:1228 CODE] schedule: [SchedulerNode(name='buf281'), SchedulerNode(name='buf283')]
[triton.py:1228 CODE] schedule: [SchedulerNode(name='buf282')]
[triton.py:1228 CODE] schedule: [SchedulerNode(name='buf284')]
[triton.py:1228 CODE] schedule: [SchedulerNode(name='buf288')]
[triton.py:1228 CODE] schedule: [SchedulerNode(name='buf289')]
[triton.py:1228 CODE] schedule: [SchedulerNode(name='buf290')]
[triton.py:1228 CODE] schedule: [SchedulerNode(name='buf293')]
[triton.py:1228 CODE] schedule: [SchedulerNode(name='buf294')]
[triton.py:1228 CODE] schedule: [SchedulerNode(name='buf295'), SchedulerNode(name='buf296'), <class 'torch._inductor.codegen.triton.DisableReduction'>, <class 'torch._inductor.codegen.triton.EnableReduction'>, SchedulerNode(name='buf297'), <class 'torch._inductor.codegen.triton.DisableReduction'>, <class 'torch._inductor.codegen.triton.EnableReduction'>, SchedulerNode(name='buf302')]
[scheduler.py:1032 DEBUG] remove_buffer('buf295')
[scheduler.py:1032 DEBUG] remove_buffer('buf296')
[triton.py:1228 CODE] schedule: [SchedulerNode(name='buf298'), SchedulerNode(name='buf300')]
[triton.py:1228 CODE] schedule: [SchedulerNode(name='buf299')]
[triton.py:1228 CODE] schedule: [SchedulerNode(name='buf301')]
[triton.py:1228 CODE] schedule: [SchedulerNode(name='buf305')]
[triton.py:1228 CODE] schedule: [SchedulerNode(name='buf306')]
[triton.py:1228 CODE] schedule: [SchedulerNode(name='buf307')]
[triton.py:1228 CODE] schedule: [SchedulerNode(name='buf310'), <class 'torch._inductor.codegen.triton.DisableReduction'>, <class 'torch._inductor.codegen.triton.EnableReduction'>, SchedulerNode(name='buf311')]
[scheduler.py:1032 DEBUG] remove_buffer('buf310')
[triton.py:1228 CODE] schedule: [SchedulerNode(name='buf314')]
[triton.py:1228 CODE] schedule: [SchedulerNode(name='buf317')]
[triton.py:1228 CODE] schedule: [SchedulerNode(name='buf318')]
[triton.py:1228 CODE] schedule: [SchedulerNode(name='buf319')]
[triton.py:1228 CODE] schedule: [SchedulerNode(name='buf322')]
[triton.py:1228 CODE] schedule: [SchedulerNode(name='buf323')]
[triton.py:1228 CODE] schedule: [SchedulerNode(name='buf324')]
[triton.py:1228 CODE] schedule: [SchedulerNode(name='buf327')]
[triton.py:1228 CODE] schedule: [SchedulerNode(name='buf328')]
[triton.py:1228 CODE] schedule: [SchedulerNode(name='buf329'), <class 'torch._inductor.codegen.triton.DisableReduction'>, <class 'torch._inductor.codegen.triton.EnableReduction'>, SchedulerNode(name='buf330'), SchedulerNode(name='buf331'), <class 'torch._inductor.codegen.triton.DisableReduction'>, <class 'torch._inductor.codegen.triton.EnableReduction'>, SchedulerNode(name='buf332'), <class 'torch._inductor.codegen.triton.DisableReduction'>, <class 'torch._inductor.codegen.triton.EnableReduction'>, SchedulerNode(name='buf337')]
[scheduler.py:1032 DEBUG] remove_buffer('buf331')
[scheduler.py:1032 DEBUG] remove_buffer('buf330')
[triton.py:1228 CODE] schedule: [SchedulerNode(name='buf333'), SchedulerNode(name='buf335')]
[triton.py:1228 CODE] schedule: [SchedulerNode(name='buf334')]
[triton.py:1228 CODE] schedule: [SchedulerNode(name='buf336')]
[triton.py:1228 CODE] schedule: [SchedulerNode(name='buf340')]
[triton.py:1228 CODE] schedule: [SchedulerNode(name='buf341')]
[triton.py:1228 CODE] schedule: [SchedulerNode(name='buf342')]
[triton.py:1228 CODE] schedule: [SchedulerNode(name='buf345')]
[triton.py:1228 CODE] schedule: [SchedulerNode(name='buf346')]
[triton.py:1228 CODE] schedule: [SchedulerNode(name='buf347'), SchedulerNode(name='buf348'), <class 'torch._inductor.codegen.triton.DisableReduction'>, <class 'torch._inductor.codegen.triton.EnableReduction'>, SchedulerNode(name='buf349'), <class 'torch._inductor.codegen.triton.DisableReduction'>, <class 'torch._inductor.codegen.triton.EnableReduction'>, SchedulerNode(name='buf354')]
[scheduler.py:1032 DEBUG] remove_buffer('buf348')
[scheduler.py:1032 DEBUG] remove_buffer('buf347')
[triton.py:1228 CODE] schedule: [SchedulerNode(name='buf350'), SchedulerNode(name='buf352')]
[triton.py:1228 CODE] schedule: [SchedulerNode(name='buf351')]
[triton.py:1228 CODE] schedule: [SchedulerNode(name='buf353')]
[triton.py:1228 CODE] schedule: [SchedulerNode(name='buf357')]
[triton.py:1228 CODE] schedule: [SchedulerNode(name='buf358')]
[triton.py:1228 CODE] schedule: [SchedulerNode(name='buf359')]
[triton.py:1228 CODE] schedule: [SchedulerNode(name='buf362'), <class 'torch._inductor.codegen.triton.DisableReduction'>, <class 'torch._inductor.codegen.triton.EnableReduction'>, SchedulerNode(name='buf363')]
[scheduler.py:1032 DEBUG] remove_buffer('buf362')
[triton.py:1228 CODE] schedule: [SchedulerNode(name='buf366')]
[triton.py:1228 CODE] schedule: [SchedulerNode(name='buf369')]
[triton.py:1228 CODE] schedule: [SchedulerNode(name='buf370')]
[triton.py:1228 CODE] schedule: [SchedulerNode(name='buf371')]
[triton.py:1228 CODE] schedule: [SchedulerNode(name='buf374')]
[triton.py:1228 CODE] schedule: [SchedulerNode(name='buf375')]
[triton.py:1228 CODE] schedule: [SchedulerNode(name='buf376')]
[triton.py:1228 CODE] schedule: [SchedulerNode(name='buf379')]
[triton.py:1228 CODE] schedule: [SchedulerNode(name='buf380')]
[triton.py:1228 CODE] schedule: [SchedulerNode(name='buf381'), <class 'torch._inductor.codegen.triton.DisableReduction'>, <class 'torch._inductor.codegen.triton.EnableReduction'>, SchedulerNode(name='buf382'), SchedulerNode(name='buf383'), <class 'torch._inductor.codegen.triton.DisableReduction'>, <class 'torch._inductor.codegen.triton.EnableReduction'>, SchedulerNode(name='buf384'), <class 'torch._inductor.codegen.triton.DisableReduction'>, <class 'torch._inductor.codegen.triton.EnableReduction'>, SchedulerNode(name='buf389')]
[scheduler.py:1032 DEBUG] remove_buffer('buf383')
[scheduler.py:1032 DEBUG] remove_buffer('buf382')
[triton.py:1228 CODE] schedule: [SchedulerNode(name='buf385'), SchedulerNode(name='buf387')]
[triton.py:1228 CODE] schedule: [SchedulerNode(name='buf386')]
[triton.py:1228 CODE] schedule: [SchedulerNode(name='buf388')]
[triton.py:1228 CODE] schedule: [SchedulerNode(name='buf392')]
[triton.py:1228 CODE] schedule: [SchedulerNode(name='buf393')]
[triton.py:1228 CODE] schedule: [SchedulerNode(name='buf394')]
[triton.py:1228 CODE] schedule: [SchedulerNode(name='buf397')]
[triton.py:1228 CODE] schedule: [SchedulerNode(name='buf398')]
[triton.py:1228 CODE] schedule: [SchedulerNode(name='buf399'), SchedulerNode(name='buf400'), <class 'torch._inductor.codegen.triton.DisableReduction'>, <class 'torch._inductor.codegen.triton.EnableReduction'>, SchedulerNode(name='buf401'), <class 'torch._inductor.codegen.triton.DisableReduction'>, <class 'torch._inductor.codegen.triton.EnableReduction'>, SchedulerNode(name='buf406')]
[scheduler.py:1032 DEBUG] remove_buffer('buf399')
[scheduler.py:1032 DEBUG] remove_buffer('buf400')
[triton.py:1228 CODE] schedule: [SchedulerNode(name='buf402'), SchedulerNode(name='buf404')]
[triton.py:1228 CODE] schedule: [SchedulerNode(name='buf403')]
[triton.py:1228 CODE] schedule: [SchedulerNode(name='buf405')]
[triton.py:1228 CODE] schedule: [SchedulerNode(name='buf409')]
[triton.py:1228 CODE] schedule: [SchedulerNode(name='buf410')]
[triton.py:1228 CODE] schedule: [SchedulerNode(name='buf411')]
[triton.py:1228 CODE] schedule: [SchedulerNode(name='buf414'), <class 'torch._inductor.codegen.triton.DisableReduction'>, <class 'torch._inductor.codegen.triton.EnableReduction'>, SchedulerNode(name='buf415')]
[scheduler.py:1032 DEBUG] remove_buffer('buf414')
[triton.py:1228 CODE] schedule: [SchedulerNode(name='buf418')]
[triton.py:1228 CODE] schedule: [SchedulerNode(name='buf421')]
[triton.py:1228 CODE] schedule: [SchedulerNode(name='buf422')]
[triton.py:1228 CODE] schedule: [SchedulerNode(name='buf423')]
[triton.py:1228 CODE] schedule: [SchedulerNode(name='buf426')]
[triton.py:1228 CODE] schedule: [SchedulerNode(name='buf427')]
[triton.py:1228 CODE] schedule: [SchedulerNode(name='buf428')]
[triton.py:1228 CODE] schedule: [SchedulerNode(name='buf431')]
[triton.py:1228 CODE] schedule: [SchedulerNode(name='buf432')]
[triton.py:1228 CODE] schedule: [SchedulerNode(name='buf433'), <class 'torch._inductor.codegen.triton.DisableReduction'>, <class 'torch._inductor.codegen.triton.EnableReduction'>, SchedulerNode(name='buf434'), SchedulerNode(name='buf435'), <class 'torch._inductor.codegen.triton.DisableReduction'>, <class 'torch._inductor.codegen.triton.EnableReduction'>, SchedulerNode(name='buf436'), <class 'torch._inductor.codegen.triton.DisableReduction'>, <class 'torch._inductor.codegen.triton.EnableReduction'>, SchedulerNode(name='buf441')]
[scheduler.py:1032 DEBUG] remove_buffer('buf435')
[scheduler.py:1032 DEBUG] remove_buffer('buf434')
[triton.py:1228 CODE] schedule: [SchedulerNode(name='buf437'), SchedulerNode(name='buf439')]
[triton.py:1228 CODE] schedule: [SchedulerNode(name='buf438')]
[triton.py:1228 CODE] schedule: [SchedulerNode(name='buf440')]
[triton.py:1228 CODE] schedule: [SchedulerNode(name='buf444')]
[triton.py:1228 CODE] schedule: [SchedulerNode(name='buf445')]
[triton.py:1228 CODE] schedule: [SchedulerNode(name='buf446')]
[triton.py:1228 CODE] schedule: [SchedulerNode(name='buf449')]
[triton.py:1228 CODE] schedule: [SchedulerNode(name='buf450')]
[triton.py:1228 CODE] schedule: [SchedulerNode(name='buf451'), SchedulerNode(name='buf452'), <class 'torch._inductor.codegen.triton.DisableReduction'>, <class 'torch._inductor.codegen.triton.EnableReduction'>, SchedulerNode(name='buf453'), <class 'torch._inductor.codegen.triton.DisableReduction'>, <class 'torch._inductor.codegen.triton.EnableReduction'>, SchedulerNode(name='buf458')]
[scheduler.py:1032 DEBUG] remove_buffer('buf451')
[scheduler.py:1032 DEBUG] remove_buffer('buf452')
[triton.py:1228 CODE] schedule: [SchedulerNode(name='buf454'), SchedulerNode(name='buf456')]
[triton.py:1228 CODE] schedule: [SchedulerNode(name='buf455')]
[triton.py:1228 CODE] schedule: [SchedulerNode(name='buf457')]
[triton.py:1228 CODE] schedule: [SchedulerNode(name='buf461')]
[triton.py:1228 CODE] schedule: [SchedulerNode(name='buf462')]
[triton.py:1228 CODE] schedule: [SchedulerNode(name='buf463')]
[triton.py:1228 CODE] schedule: [SchedulerNode(name='buf466'), <class 'torch._inductor.codegen.triton.DisableReduction'>, <class 'torch._inductor.codegen.triton.EnableReduction'>, SchedulerNode(name='buf467')]
[scheduler.py:1032 DEBUG] remove_buffer('buf466')
[triton.py:1228 CODE] schedule: [SchedulerNode(name='buf470')]
[triton.py:1228 CODE] schedule: [SchedulerNode(name='buf473')]
[triton.py:1228 CODE] schedule: [SchedulerNode(name='buf474')]
[triton.py:1228 CODE] schedule: [SchedulerNode(name='buf475')]
[triton.py:1228 CODE] schedule: [SchedulerNode(name='buf478')]
[triton.py:1228 CODE] schedule: [SchedulerNode(name='buf479')]
[triton.py:1228 CODE] schedule: [SchedulerNode(name='buf480')]
[triton.py:1228 CODE] schedule: [SchedulerNode(name='buf483')]
[triton.py:1228 CODE] schedule: [SchedulerNode(name='buf484')]
[triton.py:1228 CODE] schedule: [SchedulerNode(name='buf485'), <class 'torch._inductor.codegen.triton.DisableReduction'>, <class 'torch._inductor.codegen.triton.EnableReduction'>, SchedulerNode(name='buf486'), SchedulerNode(name='buf487'), <class 'torch._inductor.codegen.triton.DisableReduction'>, <class 'torch._inductor.codegen.triton.EnableReduction'>, SchedulerNode(name='buf488'), <class 'torch._inductor.codegen.triton.DisableReduction'>, <class 'torch._inductor.codegen.triton.EnableReduction'>, SchedulerNode(name='buf493')]
[scheduler.py:1032 DEBUG] remove_buffer('buf487')
[scheduler.py:1032 DEBUG] remove_buffer('buf486')
[triton.py:1228 CODE] schedule: [SchedulerNode(name='buf489'), SchedulerNode(name='buf491')]
[triton.py:1228 CODE] schedule: [SchedulerNode(name='buf490')]
[triton.py:1228 CODE] schedule: [SchedulerNode(name='buf492')]
[triton.py:1228 CODE] schedule: [SchedulerNode(name='buf496')]
[triton.py:1228 CODE] schedule: [SchedulerNode(name='buf497')]
[triton.py:1228 CODE] schedule: [SchedulerNode(name='buf498')]
[triton.py:1228 CODE] schedule: [SchedulerNode(name='buf501')]
[triton.py:1228 CODE] schedule: [SchedulerNode(name='buf502')]
[triton.py:1228 CODE] schedule: [SchedulerNode(name='buf503'), SchedulerNode(name='buf504'), <class 'torch._inductor.codegen.triton.DisableReduction'>, <class 'torch._inductor.codegen.triton.EnableReduction'>, SchedulerNode(name='buf505'), <class 'torch._inductor.codegen.triton.DisableReduction'>, <class 'torch._inductor.codegen.triton.EnableReduction'>, SchedulerNode(name='buf510')]
[scheduler.py:1032 DEBUG] remove_buffer('buf503')
[scheduler.py:1032 DEBUG] remove_buffer('buf504')
[triton.py:1228 CODE] schedule: [SchedulerNode(name='buf506'), SchedulerNode(name='buf508')]
[triton.py:1228 CODE] schedule: [SchedulerNode(name='buf507')]
[triton.py:1228 CODE] schedule: [SchedulerNode(name='buf509')]
[triton.py:1228 CODE] schedule: [SchedulerNode(name='buf513')]
[triton.py:1228 CODE] schedule: [SchedulerNode(name='buf514')]
[triton.py:1228 CODE] schedule: [SchedulerNode(name='buf515')]
[triton.py:1228 CODE] schedule: [SchedulerNode(name='buf518'), <class 'torch._inductor.codegen.triton.DisableReduction'>, <class 'torch._inductor.codegen.triton.EnableReduction'>, SchedulerNode(name='buf519')]
[scheduler.py:1032 DEBUG] remove_buffer('buf518')
[triton.py:1228 CODE] schedule: [SchedulerNode(name='buf522')]
[triton.py:1228 CODE] schedule: [SchedulerNode(name='buf525')]
[triton.py:1228 CODE] schedule: [SchedulerNode(name='buf526')]
[triton.py:1228 CODE] schedule: [SchedulerNode(name='buf527')]
[triton.py:1228 CODE] schedule: [SchedulerNode(name='buf530')]
[triton.py:1228 CODE] schedule: [SchedulerNode(name='buf531')]
[triton.py:1228 CODE] schedule: [SchedulerNode(name='buf532')]
[triton.py:1228 CODE] schedule: [SchedulerNode(name='buf535')]
[triton.py:1228 CODE] schedule: [SchedulerNode(name='buf536')]
[triton.py:1228 CODE] schedule: [SchedulerNode(name='buf537'), <class 'torch._inductor.codegen.triton.DisableReduction'>, <class 'torch._inductor.codegen.triton.EnableReduction'>, SchedulerNode(name='buf538'), SchedulerNode(name='buf539'), <class 'torch._inductor.codegen.triton.DisableReduction'>, <class 'torch._inductor.codegen.triton.EnableReduction'>, SchedulerNode(name='buf540'), <class 'torch._inductor.codegen.triton.DisableReduction'>, <class 'torch._inductor.codegen.triton.EnableReduction'>, SchedulerNode(name='buf545')]
[scheduler.py:1032 DEBUG] remove_buffer('buf538')
[scheduler.py:1032 DEBUG] remove_buffer('buf539')
[triton.py:1228 CODE] schedule: [SchedulerNode(name='buf541'), SchedulerNode(name='buf543')]
[triton.py:1228 CODE] schedule: [SchedulerNode(name='buf542')]
[triton.py:1228 CODE] schedule: [SchedulerNode(name='buf544')]
[triton.py:1228 CODE] schedule: [SchedulerNode(name='buf548')]
[triton.py:1228 CODE] schedule: [SchedulerNode(name='buf549')]
[triton.py:1228 CODE] schedule: [SchedulerNode(name='buf550')]
[triton.py:1228 CODE] schedule: [SchedulerNode(name='buf553')]
[triton.py:1228 CODE] schedule: [SchedulerNode(name='buf554')]
[triton.py:1228 CODE] schedule: [SchedulerNode(name='buf555'), SchedulerNode(name='buf556'), <class 'torch._inductor.codegen.triton.DisableReduction'>, <class 'torch._inductor.codegen.triton.EnableReduction'>, SchedulerNode(name='buf557'), <class 'torch._inductor.codegen.triton.DisableReduction'>, <class 'torch._inductor.codegen.triton.EnableReduction'>, SchedulerNode(name='buf562')]
[scheduler.py:1032 DEBUG] remove_buffer('buf555')
[scheduler.py:1032 DEBUG] remove_buffer('buf556')
[triton.py:1228 CODE] schedule: [SchedulerNode(name='buf558'), SchedulerNode(name='buf560')]
[triton.py:1228 CODE] schedule: [SchedulerNode(name='buf559')]
[triton.py:1228 CODE] schedule: [SchedulerNode(name='buf561')]
[triton.py:1228 CODE] schedule: [SchedulerNode(name='buf565')]
[triton.py:1228 CODE] schedule: [SchedulerNode(name='buf566')]
[triton.py:1228 CODE] schedule: [SchedulerNode(name='buf567')]
[triton.py:1228 CODE] schedule: [SchedulerNode(name='buf570'), <class 'torch._inductor.codegen.triton.DisableReduction'>, <class 'torch._inductor.codegen.triton.EnableReduction'>, SchedulerNode(name='buf571')]
[scheduler.py:1032 DEBUG] remove_buffer('buf570')
[triton.py:1228 CODE] schedule: [SchedulerNode(name='buf574')]
[triton.py:1228 CODE] schedule: [SchedulerNode(name='buf577')]
[triton.py:1228 CODE] schedule: [SchedulerNode(name='buf578')]
[triton.py:1228 CODE] schedule: [SchedulerNode(name='buf579')]
[triton.py:1228 CODE] schedule: [SchedulerNode(name='buf582')]
[triton.py:1228 CODE] schedule: [SchedulerNode(name='buf583')]
[triton.py:1228 CODE] schedule: [SchedulerNode(name='buf584')]
[triton.py:1228 CODE] schedule: [SchedulerNode(name='buf587')]
[triton.py:1228 CODE] schedule: [SchedulerNode(name='buf588')]
[triton.py:1228 CODE] schedule: [SchedulerNode(name='buf589'), <class 'torch._inductor.codegen.triton.DisableReduction'>, <class 'torch._inductor.codegen.triton.EnableReduction'>, SchedulerNode(name='buf590'), SchedulerNode(name='buf591'), <class 'torch._inductor.codegen.triton.DisableReduction'>, <class 'torch._inductor.codegen.triton.EnableReduction'>, SchedulerNode(name='buf592'), <class 'torch._inductor.codegen.triton.DisableReduction'>, <class 'torch._inductor.codegen.triton.EnableReduction'>, SchedulerNode(name='buf597')]
[scheduler.py:1032 DEBUG] remove_buffer('buf590')
[scheduler.py:1032 DEBUG] remove_buffer('buf591')
[triton.py:1228 CODE] schedule: [SchedulerNode(name='buf593'), SchedulerNode(name='buf595')]
[triton.py:1228 CODE] schedule: [SchedulerNode(name='buf594')]
[triton.py:1228 CODE] schedule: [SchedulerNode(name='buf596')]
[triton.py:1228 CODE] schedule: [SchedulerNode(name='buf600')]
[triton.py:1228 CODE] schedule: [SchedulerNode(name='buf601')]
[triton.py:1228 CODE] schedule: [SchedulerNode(name='buf602')]
[triton.py:1228 CODE] schedule: [SchedulerNode(name='buf605')]
[triton.py:1228 CODE] schedule: [SchedulerNode(name='buf606')]
[triton.py:1228 CODE] schedule: [SchedulerNode(name='buf607'), SchedulerNode(name='buf608'), <class 'torch._inductor.codegen.triton.DisableReduction'>, <class 'torch._inductor.codegen.triton.EnableReduction'>, SchedulerNode(name='buf609'), <class 'torch._inductor.codegen.triton.DisableReduction'>, <class 'torch._inductor.codegen.triton.EnableReduction'>, SchedulerNode(name='buf614')]
[scheduler.py:1032 DEBUG] remove_buffer('buf607')
[scheduler.py:1032 DEBUG] remove_buffer('buf608')
[triton.py:1228 CODE] schedule: [SchedulerNode(name='buf610'), SchedulerNode(name='buf612')]
[triton.py:1228 CODE] schedule: [SchedulerNode(name='buf611')]
[triton.py:1228 CODE] schedule: [SchedulerNode(name='buf613')]
[triton.py:1228 CODE] schedule: [SchedulerNode(name='buf617')]
[triton.py:1228 CODE] schedule: [SchedulerNode(name='buf618')]
[triton.py:1228 CODE] schedule: [SchedulerNode(name='buf619')]
[triton.py:1228 CODE] schedule: [SchedulerNode(name='buf622'), <class 'torch._inductor.codegen.triton.DisableReduction'>, <class 'torch._inductor.codegen.triton.EnableReduction'>, SchedulerNode(name='buf623')]
[scheduler.py:1032 DEBUG] remove_buffer('buf622')
[triton.py:1228 CODE] schedule: [SchedulerNode(name='buf626')]
[triton.py:1228 CODE] schedule: [SchedulerNode(name='buf629')]
[triton.py:1228 CODE] schedule: [SchedulerNode(name='buf630')]
[triton.py:1228 CODE] schedule: [SchedulerNode(name='buf631')]
[triton.py:1228 CODE] schedule: [SchedulerNode(name='buf634')]
[triton.py:1228 CODE] schedule: [SchedulerNode(name='buf635')]
[triton.py:1228 CODE] schedule: [SchedulerNode(name='buf636')]
[triton.py:1228 CODE] schedule: [SchedulerNode(name='buf639')]
[triton.py:1228 CODE] schedule: [SchedulerNode(name='buf640')]
[triton.py:1228 CODE] schedule: [SchedulerNode(name='buf652')]
[triton.py:1228 CODE] schedule: [SchedulerNode(name='buf654')]
[triton.py:1228 CODE] schedule: [SchedulerNode(name='buf641'), <class 'torch._inductor.codegen.triton.DisableReduction'>, <class 'torch._inductor.codegen.triton.EnableReduction'>, SchedulerNode(name='buf642'), SchedulerNode(name='buf643'), <class 'torch._inductor.codegen.triton.DisableReduction'>, <class 'torch._inductor.codegen.triton.EnableReduction'>, SchedulerNode(name='buf644'), <class 'torch._inductor.codegen.triton.DisableReduction'>, <class 'torch._inductor.codegen.triton.EnableReduction'>, SchedulerNode(name='buf653'), SchedulerNode(name='buf655')]
[scheduler.py:1032 DEBUG] remove_buffer('buf643')
[scheduler.py:1032 DEBUG] remove_buffer('buf642')
[triton.py:1228 CODE] schedule: [SchedulerNode(name='buf645'), SchedulerNode(name='buf647')]
[triton.py:1228 CODE] schedule: [SchedulerNode(name='buf646')]
[triton.py:1228 CODE] schedule: [SchedulerNode(name='buf648')]
[triton.py:1228 CODE] schedule: [SchedulerNode(name='buf650')]
[triton.py:1228 CODE] schedule: [SchedulerNode(name='buf649'), <class 'torch._inductor.codegen.triton.DisableReduction'>, SchedulerNode(name='buf651'), <class 'torch._inductor.codegen.triton.EnableReduction'>]
[scheduler.py:1032 DEBUG] remove_buffer('buf649')
[triton.py:1228 CODE] schedule: [SchedulerNode(name='buf656')]
[graph.py:340 CODE] Output code: /tmp/torchinductor_eellison/il/ciliq7huafntc5k5wqlczlzkqtihlnexgwbfd3cmrqrtkhuxf4y4.py
[logging.py:86 INFO] Step 3: torchinductor done compiling BACKWARDS graph 0
[debug.py:272 WARNING] BertForMaskedLM_backward_0 debug trace: /scratch/eellison/work/pytorch/benchmarks/torchdynamo_debug/run_2022_10_28_22_54_00_582875/torchinductor/debug.92872.1
