[logging.py:86 INFO] Step 3: torchinductor compiling FORWARDS graph 0
[lowering.py:987 WARNING] using triton random, expect difference from eager
[triton.py:1228 CODE] schedule: [SchedulerNode(name='buf0')]
[triton.py:1228 CODE] schedule: [SchedulerNode(name='buf1')]
[triton.py:1228 CODE] schedule: [SchedulerNode(name='buf2')]
[triton.py:1228 CODE] schedule: [SchedulerNode(name='buf6')]
[triton.py:1228 CODE] schedule: [SchedulerNode(name='buf7')]
[triton.py:1228 CODE] schedule: [SchedulerNode(name='buf9')]
[triton.py:1228 CODE] schedule: [SchedulerNode(name='buf10')]
[triton.py:1228 CODE] schedule: [SchedulerNode(name='buf11')]
[triton.py:1228 CODE] schedule: [SchedulerNode(name='buf12')]
[triton.py:1228 CODE] schedule: [SchedulerNode(name='buf13')]
[triton.py:1228 CODE] schedule: [SchedulerNode(name='buf15')]
[triton.py:1228 CODE] schedule: [SchedulerNode(name='buf17')]
[triton.py:1228 CODE] schedule: [SchedulerNode(name='buf18')]
[triton.py:1228 CODE] schedule: [SchedulerNode(name='buf19')]
[triton.py:1228 CODE] schedule: [SchedulerNode(name='buf22')]
[triton.py:1228 CODE] schedule: [SchedulerNode(name='buf24')]
[triton.py:1228 CODE] schedule: [SchedulerNode(name='buf25')]
[triton.py:1228 CODE] schedule: [SchedulerNode(name='buf26')]
[triton.py:1228 CODE] schedule: [SchedulerNode(name='buf30')]
[triton.py:1228 CODE] schedule: [SchedulerNode(name='buf31')]
[triton.py:1228 CODE] schedule: [SchedulerNode(name='buf33')]
[triton.py:1228 CODE] schedule: [SchedulerNode(name='buf34')]
[triton.py:1228 CODE] schedule: [SchedulerNode(name='buf35')]
[triton.py:1228 CODE] schedule: [SchedulerNode(name='buf36')]
[triton.py:1228 CODE] schedule: [SchedulerNode(name='buf37')]
[triton.py:1228 CODE] schedule: [SchedulerNode(name='buf39')]
[triton.py:1228 CODE] schedule: [SchedulerNode(name='buf41')]
[triton.py:1228 CODE] schedule: [SchedulerNode(name='buf42')]
[triton.py:1228 CODE] schedule: [SchedulerNode(name='buf43')]
[triton.py:1228 CODE] schedule: [SchedulerNode(name='buf46')]
[triton.py:1228 CODE] schedule: [SchedulerNode(name='buf48')]
[triton.py:1228 CODE] schedule: [SchedulerNode(name='buf49')]
[triton.py:1228 CODE] schedule: [SchedulerNode(name='buf50')]
[triton.py:1228 CODE] schedule: [SchedulerNode(name='buf54')]
[triton.py:1228 CODE] schedule: [SchedulerNode(name='buf55')]
[triton.py:1228 CODE] schedule: [SchedulerNode(name='buf57')]
[triton.py:1228 CODE] schedule: [SchedulerNode(name='buf58')]
[triton.py:1228 CODE] schedule: [SchedulerNode(name='buf59')]
[triton.py:1228 CODE] schedule: [SchedulerNode(name='buf60')]
[triton.py:1228 CODE] schedule: [SchedulerNode(name='buf61')]
[triton.py:1228 CODE] schedule: [SchedulerNode(name='buf63')]
[triton.py:1228 CODE] schedule: [SchedulerNode(name='buf65')]
[triton.py:1228 CODE] schedule: [SchedulerNode(name='buf66')]
[triton.py:1228 CODE] schedule: [SchedulerNode(name='buf67')]
[triton.py:1228 CODE] schedule: [SchedulerNode(name='buf70')]
[triton.py:1228 CODE] schedule: [SchedulerNode(name='buf72')]
[triton.py:1228 CODE] schedule: [SchedulerNode(name='buf73')]
[triton.py:1228 CODE] schedule: [SchedulerNode(name='buf74')]
[triton.py:1228 CODE] schedule: [SchedulerNode(name='buf78')]
[triton.py:1228 CODE] schedule: [SchedulerNode(name='buf79')]
[triton.py:1228 CODE] schedule: [SchedulerNode(name='buf81')]
[triton.py:1228 CODE] schedule: [SchedulerNode(name='buf82')]
[triton.py:1228 CODE] schedule: [SchedulerNode(name='buf83')]
[triton.py:1228 CODE] schedule: [SchedulerNode(name='buf84')]
[triton.py:1228 CODE] schedule: [SchedulerNode(name='buf85')]
[triton.py:1228 CODE] schedule: [SchedulerNode(name='buf87')]
[triton.py:1228 CODE] schedule: [SchedulerNode(name='buf89')]
[triton.py:1228 CODE] schedule: [SchedulerNode(name='buf90')]
[triton.py:1228 CODE] schedule: [SchedulerNode(name='buf91')]
[triton.py:1228 CODE] schedule: [SchedulerNode(name='buf94')]
[triton.py:1228 CODE] schedule: [SchedulerNode(name='buf96')]
[triton.py:1228 CODE] schedule: [SchedulerNode(name='buf97')]
[triton.py:1228 CODE] schedule: [SchedulerNode(name='buf98')]
[triton.py:1228 CODE] schedule: [SchedulerNode(name='buf102')]
[triton.py:1228 CODE] schedule: [SchedulerNode(name='buf103')]
[triton.py:1228 CODE] schedule: [SchedulerNode(name='buf105')]
[triton.py:1228 CODE] schedule: [SchedulerNode(name='buf106')]
[triton.py:1228 CODE] schedule: [SchedulerNode(name='buf107')]
[triton.py:1228 CODE] schedule: [SchedulerNode(name='buf108')]
[triton.py:1228 CODE] schedule: [SchedulerNode(name='buf109')]
[triton.py:1228 CODE] schedule: [SchedulerNode(name='buf111')]
[triton.py:1228 CODE] schedule: [SchedulerNode(name='buf113')]
[triton.py:1228 CODE] schedule: [SchedulerNode(name='buf114')]
[triton.py:1228 CODE] schedule: [SchedulerNode(name='buf115')]
[triton.py:1228 CODE] schedule: [SchedulerNode(name='buf118')]
[triton.py:1228 CODE] schedule: [SchedulerNode(name='buf120')]
[triton.py:1228 CODE] schedule: [SchedulerNode(name='buf121')]
[triton.py:1228 CODE] schedule: [SchedulerNode(name='buf122')]
[triton.py:1228 CODE] schedule: [SchedulerNode(name='buf126')]
[triton.py:1228 CODE] schedule: [SchedulerNode(name='buf127')]
[triton.py:1228 CODE] schedule: [SchedulerNode(name='buf129')]
[triton.py:1228 CODE] schedule: [SchedulerNode(name='buf130')]
[triton.py:1228 CODE] schedule: [SchedulerNode(name='buf131')]
[triton.py:1228 CODE] schedule: [SchedulerNode(name='buf132')]
[triton.py:1228 CODE] schedule: [SchedulerNode(name='buf133')]
[triton.py:1228 CODE] schedule: [SchedulerNode(name='buf135')]
[triton.py:1228 CODE] schedule: [SchedulerNode(name='buf137')]
[triton.py:1228 CODE] schedule: [SchedulerNode(name='buf138')]
[triton.py:1228 CODE] schedule: [SchedulerNode(name='buf139')]
[triton.py:1228 CODE] schedule: [SchedulerNode(name='buf142')]
[triton.py:1228 CODE] schedule: [SchedulerNode(name='buf144')]
[triton.py:1228 CODE] schedule: [SchedulerNode(name='buf145')]
[triton.py:1228 CODE] schedule: [SchedulerNode(name='buf146')]
[triton.py:1228 CODE] schedule: [SchedulerNode(name='buf150')]
[triton.py:1228 CODE] schedule: [SchedulerNode(name='buf151')]
[triton.py:1228 CODE] schedule: [SchedulerNode(name='buf153')]
[triton.py:1228 CODE] schedule: [SchedulerNode(name='buf154')]
[triton.py:1228 CODE] schedule: [SchedulerNode(name='buf155')]
[triton.py:1228 CODE] schedule: [SchedulerNode(name='buf156')]
[triton.py:1228 CODE] schedule: [SchedulerNode(name='buf157')]
[triton.py:1228 CODE] schedule: [SchedulerNode(name='buf159')]
[triton.py:1228 CODE] schedule: [SchedulerNode(name='buf161')]
[triton.py:1228 CODE] schedule: [SchedulerNode(name='buf162')]
[triton.py:1228 CODE] schedule: [SchedulerNode(name='buf163')]
[triton.py:1228 CODE] schedule: [SchedulerNode(name='buf166')]
[triton.py:1228 CODE] schedule: [SchedulerNode(name='buf168')]
[triton.py:1228 CODE] schedule: [SchedulerNode(name='buf169')]
[triton.py:1228 CODE] schedule: [SchedulerNode(name='buf170')]
[triton.py:1228 CODE] schedule: [SchedulerNode(name='buf174')]
[triton.py:1228 CODE] schedule: [SchedulerNode(name='buf175')]
[triton.py:1228 CODE] schedule: [SchedulerNode(name='buf177')]
[triton.py:1228 CODE] schedule: [SchedulerNode(name='buf178')]
[triton.py:1228 CODE] schedule: [SchedulerNode(name='buf179')]
[triton.py:1228 CODE] schedule: [SchedulerNode(name='buf180')]
[triton.py:1228 CODE] schedule: [SchedulerNode(name='buf181')]
[triton.py:1228 CODE] schedule: [SchedulerNode(name='buf183')]
[triton.py:1228 CODE] schedule: [SchedulerNode(name='buf185')]
[triton.py:1228 CODE] schedule: [SchedulerNode(name='buf186')]
[triton.py:1228 CODE] schedule: [SchedulerNode(name='buf187')]
[triton.py:1228 CODE] schedule: [SchedulerNode(name='buf190')]
[triton.py:1228 CODE] schedule: [SchedulerNode(name='buf192')]
[triton.py:1228 CODE] schedule: [SchedulerNode(name='buf193')]
[triton.py:1228 CODE] schedule: [SchedulerNode(name='buf194')]
[triton.py:1228 CODE] schedule: [SchedulerNode(name='buf195')]
[triton.py:1228 CODE] schedule: [SchedulerNode(name='buf196')]
[triton.py:1228 CODE] schedule: [SchedulerNode(name='buf197')]
[triton.py:1228 CODE] schedule: [SchedulerNode(name='buf201')]
[triton.py:1228 CODE] schedule: [SchedulerNode(name='buf202')]
[triton.py:1228 CODE] schedule: [SchedulerNode(name='buf204')]
[triton.py:1228 CODE] schedule: [SchedulerNode(name='buf205')]
[triton.py:1228 CODE] schedule: [SchedulerNode(name='buf206')]
[triton.py:1228 CODE] schedule: [SchedulerNode(name='buf207')]
[triton.py:1228 CODE] schedule: [SchedulerNode(name='buf208')]
[triton.py:1228 CODE] schedule: [SchedulerNode(name='buf210')]
[triton.py:1228 CODE] schedule: [SchedulerNode(name='buf212')]
[triton.py:1228 CODE] schedule: [SchedulerNode(name='buf213')]
[triton.py:1228 CODE] schedule: [SchedulerNode(name='buf214')]
[triton.py:1228 CODE] schedule: [SchedulerNode(name='buf218')]
[triton.py:1228 CODE] schedule: [SchedulerNode(name='buf219')]
[triton.py:1228 CODE] schedule: [SchedulerNode(name='buf221')]
[triton.py:1228 CODE] schedule: [SchedulerNode(name='buf222')]
[triton.py:1228 CODE] schedule: [SchedulerNode(name='buf223')]
[triton.py:1228 CODE] schedule: [SchedulerNode(name='buf224')]
[triton.py:1228 CODE] schedule: [SchedulerNode(name='buf225')]
[triton.py:1228 CODE] schedule: [SchedulerNode(name='buf227')]
[triton.py:1228 CODE] schedule: [SchedulerNode(name='buf229')]
[triton.py:1228 CODE] schedule: [SchedulerNode(name='buf230')]
[triton.py:1228 CODE] schedule: [SchedulerNode(name='buf231')]
[triton.py:1228 CODE] schedule: [SchedulerNode(name='buf234')]
[triton.py:1228 CODE] schedule: [SchedulerNode(name='buf236')]
[triton.py:1228 CODE] schedule: [SchedulerNode(name='buf237')]
[triton.py:1228 CODE] schedule: [SchedulerNode(name='buf238')]
[triton.py:1228 CODE] schedule: [SchedulerNode(name='buf242')]
[triton.py:1228 CODE] schedule: [SchedulerNode(name='buf243')]
[triton.py:1228 CODE] schedule: [SchedulerNode(name='buf245')]
[triton.py:1228 CODE] schedule: [SchedulerNode(name='buf246')]
[triton.py:1228 CODE] schedule: [SchedulerNode(name='buf247')]
[triton.py:1228 CODE] schedule: [SchedulerNode(name='buf248')]
[triton.py:1228 CODE] schedule: [SchedulerNode(name='buf249')]
[triton.py:1228 CODE] schedule: [SchedulerNode(name='buf251')]
[triton.py:1228 CODE] schedule: [SchedulerNode(name='buf253')]
[triton.py:1228 CODE] schedule: [SchedulerNode(name='buf254')]
[triton.py:1228 CODE] schedule: [SchedulerNode(name='buf255')]
[triton.py:1228 CODE] schedule: [SchedulerNode(name='buf259')]
[triton.py:1228 CODE] schedule: [SchedulerNode(name='buf260')]
[triton.py:1228 CODE] schedule: [SchedulerNode(name='buf262')]
[triton.py:1228 CODE] schedule: [SchedulerNode(name='buf263')]
[triton.py:1228 CODE] schedule: [SchedulerNode(name='buf264')]
[triton.py:1228 CODE] schedule: [SchedulerNode(name='buf265')]
[triton.py:1228 CODE] schedule: [SchedulerNode(name='buf266')]
[triton.py:1228 CODE] schedule: [SchedulerNode(name='buf268')]
[triton.py:1228 CODE] schedule: [SchedulerNode(name='buf270')]
[triton.py:1228 CODE] schedule: [SchedulerNode(name='buf271')]
[triton.py:1228 CODE] schedule: [SchedulerNode(name='buf272')]
[triton.py:1228 CODE] schedule: [SchedulerNode(name='buf275')]
[triton.py:1228 CODE] schedule: [SchedulerNode(name='buf277')]
[triton.py:1228 CODE] schedule: [SchedulerNode(name='buf278')]
[triton.py:1228 CODE] schedule: [SchedulerNode(name='buf279')]
[triton.py:1228 CODE] schedule: [SchedulerNode(name='buf283')]
[triton.py:1228 CODE] schedule: [SchedulerNode(name='buf284')]
[triton.py:1228 CODE] schedule: [SchedulerNode(name='buf286')]
[triton.py:1228 CODE] schedule: [SchedulerNode(name='buf287')]
[triton.py:1228 CODE] schedule: [SchedulerNode(name='buf288')]
[triton.py:1228 CODE] schedule: [SchedulerNode(name='buf289')]
[triton.py:1228 CODE] schedule: [SchedulerNode(name='buf290')]
[triton.py:1228 CODE] schedule: [SchedulerNode(name='buf292')]
[triton.py:1228 CODE] schedule: [SchedulerNode(name='buf294')]
[triton.py:1228 CODE] schedule: [SchedulerNode(name='buf295')]
[triton.py:1228 CODE] schedule: [SchedulerNode(name='buf296')]
[triton.py:1228 CODE] schedule: [SchedulerNode(name='buf300')]
[triton.py:1228 CODE] schedule: [SchedulerNode(name='buf301')]
[triton.py:1228 CODE] schedule: [SchedulerNode(name='buf303')]
[triton.py:1228 CODE] schedule: [SchedulerNode(name='buf304')]
[triton.py:1228 CODE] schedule: [SchedulerNode(name='buf305')]
[triton.py:1228 CODE] schedule: [SchedulerNode(name='buf306')]
[triton.py:1228 CODE] schedule: [SchedulerNode(name='buf307')]
[triton.py:1228 CODE] schedule: [SchedulerNode(name='buf309')]
[triton.py:1228 CODE] schedule: [SchedulerNode(name='buf311')]
[triton.py:1228 CODE] schedule: [SchedulerNode(name='buf312')]
[triton.py:1228 CODE] schedule: [SchedulerNode(name='buf313')]
[triton.py:1228 CODE] schedule: [SchedulerNode(name='buf316')]
[triton.py:1228 CODE] schedule: [SchedulerNode(name='buf318')]
[triton.py:1228 CODE] schedule: [SchedulerNode(name='buf319')]
[triton.py:1228 CODE] schedule: [SchedulerNode(name='buf320')]
[triton.py:1228 CODE] schedule: [SchedulerNode(name='buf324')]
[triton.py:1228 CODE] schedule: [SchedulerNode(name='buf325')]
[triton.py:1228 CODE] schedule: [SchedulerNode(name='buf327')]
[triton.py:1228 CODE] schedule: [SchedulerNode(name='buf328')]
[triton.py:1228 CODE] schedule: [SchedulerNode(name='buf329')]
[triton.py:1228 CODE] schedule: [SchedulerNode(name='buf330')]
[triton.py:1228 CODE] schedule: [SchedulerNode(name='buf331')]
[triton.py:1228 CODE] schedule: [SchedulerNode(name='buf333')]
[triton.py:1228 CODE] schedule: [SchedulerNode(name='buf335')]
[triton.py:1228 CODE] schedule: [SchedulerNode(name='buf336')]
[triton.py:1228 CODE] schedule: [SchedulerNode(name='buf337')]
[triton.py:1228 CODE] schedule: [SchedulerNode(name='buf341')]
[triton.py:1228 CODE] schedule: [SchedulerNode(name='buf342')]
[triton.py:1228 CODE] schedule: [SchedulerNode(name='buf344')]
[triton.py:1228 CODE] schedule: [SchedulerNode(name='buf345')]
[triton.py:1228 CODE] schedule: [SchedulerNode(name='buf346')]
[triton.py:1228 CODE] schedule: [SchedulerNode(name='buf347')]
[triton.py:1228 CODE] schedule: [SchedulerNode(name='buf348')]
[triton.py:1228 CODE] schedule: [SchedulerNode(name='buf350')]
[triton.py:1228 CODE] schedule: [SchedulerNode(name='buf352')]
[triton.py:1228 CODE] schedule: [SchedulerNode(name='buf353')]
[triton.py:1228 CODE] schedule: [SchedulerNode(name='buf354')]
[triton.py:1228 CODE] schedule: [SchedulerNode(name='buf357')]
[triton.py:1228 CODE] schedule: [SchedulerNode(name='buf359')]
[triton.py:1228 CODE] schedule: [SchedulerNode(name='buf360')]
[triton.py:1228 CODE] schedule: [SchedulerNode(name='buf361')]
[triton.py:1228 CODE] schedule: [SchedulerNode(name='buf365')]
[triton.py:1228 CODE] schedule: [SchedulerNode(name='buf366')]
[triton.py:1228 CODE] schedule: [SchedulerNode(name='buf368')]
[triton.py:1228 CODE] schedule: [SchedulerNode(name='buf369')]
[triton.py:1228 CODE] schedule: [SchedulerNode(name='buf370')]
[triton.py:1228 CODE] schedule: [SchedulerNode(name='buf371')]
[triton.py:1228 CODE] schedule: [SchedulerNode(name='buf372')]
[triton.py:1228 CODE] schedule: [SchedulerNode(name='buf374')]
[triton.py:1228 CODE] schedule: [SchedulerNode(name='buf376')]
[triton.py:1228 CODE] schedule: [SchedulerNode(name='buf377')]
[triton.py:1228 CODE] schedule: [SchedulerNode(name='buf378')]
[triton.py:1228 CODE] schedule: [SchedulerNode(name='buf382')]
[triton.py:1228 CODE] schedule: [SchedulerNode(name='buf383')]
[triton.py:1228 CODE] schedule: [SchedulerNode(name='buf385')]
[triton.py:1228 CODE] schedule: [SchedulerNode(name='buf386')]
[triton.py:1228 CODE] schedule: [SchedulerNode(name='buf387')]
[triton.py:1228 CODE] schedule: [SchedulerNode(name='buf388')]
[triton.py:1228 CODE] schedule: [SchedulerNode(name='buf389')]
[triton.py:1228 CODE] schedule: [SchedulerNode(name='buf391')]
[triton.py:1228 CODE] schedule: [SchedulerNode(name='buf393')]
[triton.py:1228 CODE] schedule: [SchedulerNode(name='buf394')]
[triton.py:1228 CODE] schedule: [SchedulerNode(name='buf395')]
[triton.py:1228 CODE] schedule: [SchedulerNode(name='buf398')]
[triton.py:1228 CODE] schedule: [SchedulerNode(name='buf400')]
[triton.py:1228 CODE] schedule: [SchedulerNode(name='buf401')]
[triton.py:1228 CODE] schedule: [SchedulerNode(name='buf402')]
[triton.py:1228 CODE] schedule: [SchedulerNode(name='buf406')]
[triton.py:1228 CODE] schedule: [SchedulerNode(name='buf407')]
[triton.py:1228 CODE] schedule: [SchedulerNode(name='buf409')]
[triton.py:1228 CODE] schedule: [SchedulerNode(name='buf410')]
[triton.py:1228 CODE] schedule: [SchedulerNode(name='buf411')]
[triton.py:1228 CODE] schedule: [SchedulerNode(name='buf412')]
[triton.py:1228 CODE] schedule: [SchedulerNode(name='buf413')]
[triton.py:1228 CODE] schedule: [SchedulerNode(name='buf415')]
[triton.py:1228 CODE] schedule: [SchedulerNode(name='buf417')]
[triton.py:1228 CODE] schedule: [SchedulerNode(name='buf418')]
[triton.py:1228 CODE] schedule: [SchedulerNode(name='buf419')]
[triton.py:1228 CODE] schedule: [SchedulerNode(name='buf423')]
[triton.py:1228 CODE] schedule: [SchedulerNode(name='buf424')]
[triton.py:1228 CODE] schedule: [SchedulerNode(name='buf426')]
[triton.py:1228 CODE] schedule: [SchedulerNode(name='buf427')]
[triton.py:1228 CODE] schedule: [SchedulerNode(name='buf428')]
[triton.py:1228 CODE] schedule: [SchedulerNode(name='buf429')]
[triton.py:1228 CODE] schedule: [SchedulerNode(name='buf430')]
[triton.py:1228 CODE] schedule: [SchedulerNode(name='buf432')]
[triton.py:1228 CODE] schedule: [SchedulerNode(name='buf434')]
[triton.py:1228 CODE] schedule: [SchedulerNode(name='buf435')]
[triton.py:1228 CODE] schedule: [SchedulerNode(name='buf436')]
[triton.py:1228 CODE] schedule: [SchedulerNode(name='buf439')]
[triton.py:1228 CODE] schedule: [SchedulerNode(name='buf441')]
[triton.py:1228 CODE] schedule: [SchedulerNode(name='buf442')]
[triton.py:1228 CODE] schedule: [SchedulerNode(name='buf443')]
[triton.py:1228 CODE] schedule: [SchedulerNode(name='buf447')]
[triton.py:1228 CODE] schedule: [SchedulerNode(name='buf448')]
[triton.py:1228 CODE] schedule: [SchedulerNode(name='buf450')]
[triton.py:1228 CODE] schedule: [SchedulerNode(name='buf451')]
[triton.py:1228 CODE] schedule: [SchedulerNode(name='buf452')]
[triton.py:1228 CODE] schedule: [SchedulerNode(name='buf453')]
[triton.py:1228 CODE] schedule: [SchedulerNode(name='buf454')]
[triton.py:1228 CODE] schedule: [SchedulerNode(name='buf456')]
[triton.py:1228 CODE] schedule: [SchedulerNode(name='buf458')]
[triton.py:1228 CODE] schedule: [SchedulerNode(name='buf459')]
[triton.py:1228 CODE] schedule: [SchedulerNode(name='buf460')]
[triton.py:1228 CODE] schedule: [SchedulerNode(name='buf464')]
[triton.py:1228 CODE] schedule: [SchedulerNode(name='buf465')]
[triton.py:1228 CODE] schedule: [SchedulerNode(name='buf467')]
[triton.py:1228 CODE] schedule: [SchedulerNode(name='buf468')]
[triton.py:1228 CODE] schedule: [SchedulerNode(name='buf469')]
[triton.py:1228 CODE] schedule: [SchedulerNode(name='buf470')]
[triton.py:1228 CODE] schedule: [SchedulerNode(name='buf471')]
[triton.py:1228 CODE] schedule: [SchedulerNode(name='buf473')]
[triton.py:1228 CODE] schedule: [SchedulerNode(name='buf475')]
[triton.py:1228 CODE] schedule: [SchedulerNode(name='buf476')]
[triton.py:1228 CODE] schedule: [SchedulerNode(name='buf477')]
[triton.py:1228 CODE] schedule: [SchedulerNode(name='buf480')]
[triton.py:1228 CODE] schedule: [SchedulerNode(name='buf482')]
[triton.py:1228 CODE] schedule: [SchedulerNode(name='buf483')]
[triton.py:1228 CODE] schedule: [SchedulerNode(name='buf484')]
[triton.py:1228 CODE] schedule: [SchedulerNode(name='buf488')]
[triton.py:1228 CODE] schedule: [SchedulerNode(name='buf489')]
[triton.py:1228 CODE] schedule: [SchedulerNode(name='buf491')]
[triton.py:1228 CODE] schedule: [SchedulerNode(name='buf492')]
[triton.py:1228 CODE] schedule: [SchedulerNode(name='buf493')]
[triton.py:1228 CODE] schedule: [SchedulerNode(name='buf494')]
[triton.py:1228 CODE] schedule: [SchedulerNode(name='buf495')]
[triton.py:1228 CODE] schedule: [SchedulerNode(name='buf497')]
[triton.py:1228 CODE] schedule: [SchedulerNode(name='buf499')]
[triton.py:1228 CODE] schedule: [SchedulerNode(name='buf500')]
[triton.py:1228 CODE] schedule: [SchedulerNode(name='buf501')]
[triton.py:1228 CODE] schedule: [SchedulerNode(name='buf505')]
[triton.py:1228 CODE] schedule: [SchedulerNode(name='buf506')]
[triton.py:1228 CODE] schedule: [SchedulerNode(name='buf508')]
[triton.py:1228 CODE] schedule: [SchedulerNode(name='buf509')]
[triton.py:1228 CODE] schedule: [SchedulerNode(name='buf510')]
[triton.py:1228 CODE] schedule: [SchedulerNode(name='buf511')]
[triton.py:1228 CODE] schedule: [SchedulerNode(name='buf512')]
[triton.py:1228 CODE] schedule: [SchedulerNode(name='buf514')]
[triton.py:1228 CODE] schedule: [SchedulerNode(name='buf516')]
[triton.py:1228 CODE] schedule: [SchedulerNode(name='buf517')]
[triton.py:1228 CODE] schedule: [SchedulerNode(name='buf518')]
[triton.py:1228 CODE] schedule: [SchedulerNode(name='buf521')]
[triton.py:1228 CODE] schedule: [SchedulerNode(name='buf523')]
[triton.py:1228 CODE] schedule: [SchedulerNode(name='buf524')]
[triton.py:1228 CODE] schedule: [SchedulerNode(name='buf525')]
[triton.py:1228 CODE] schedule: [SchedulerNode(name='buf527')]
[triton.py:1228 CODE] schedule: [SchedulerNode(name='buf528')]
[triton.py:1228 CODE] schedule: [SchedulerNode(name='buf529')]
[triton.py:1228 CODE] schedule: [SchedulerNode(name='buf530')]
[triton.py:1228 CODE] schedule: [SchedulerNode(name='buf531')]
[triton.py:1228 CODE] schedule: [SchedulerNode(name='buf532')]
[triton.py:1228 CODE] schedule: [SchedulerNode(name='buf533')]
[triton.py:1228 CODE] schedule: [SchedulerNode(name='buf534')]
[triton.py:1228 CODE] schedule: [SchedulerNode(name='buf535')]
[triton.py:1228 CODE] schedule: [SchedulerNode(name='buf536')]
[triton.py:1228 CODE] schedule: [SchedulerNode(name='buf537')]
[triton.py:1228 CODE] schedule: [SchedulerNode(name='buf538')]
[triton.py:1228 CODE] schedule: [SchedulerNode(name='buf539')]
[triton.py:1228 CODE] schedule: [SchedulerNode(name='buf540')]
[triton.py:1228 CODE] schedule: [SchedulerNode(name='buf541')]
[triton.py:1228 CODE] schedule: [SchedulerNode(name='buf542')]
[triton.py:1228 CODE] schedule: [SchedulerNode(name='buf543')]
[triton.py:1228 CODE] schedule: [SchedulerNode(name='buf544')]
[triton.py:1228 CODE] schedule: [SchedulerNode(name='buf545')]
[triton.py:1228 CODE] schedule: [SchedulerNode(name='buf546')]
[triton.py:1228 CODE] schedule: [SchedulerNode(name='buf547')]
[triton.py:1228 CODE] schedule: [SchedulerNode(name='buf548')]
[triton.py:1228 CODE] schedule: [SchedulerNode(name='buf549')]
[triton.py:1228 CODE] schedule: [SchedulerNode(name='buf550')]
[triton.py:1228 CODE] schedule: [SchedulerNode(name='buf551')]
[triton.py:1228 CODE] schedule: [SchedulerNode(name='buf552')]
[triton.py:1228 CODE] schedule: [SchedulerNode(name='buf553')]
[triton.py:1228 CODE] schedule: [SchedulerNode(name='buf554')]
[triton.py:1228 CODE] schedule: [SchedulerNode(name='buf555')]
[triton.py:1228 CODE] schedule: [SchedulerNode(name='buf556')]
[triton.py:1228 CODE] schedule: [SchedulerNode(name='buf557')]
[triton.py:1228 CODE] schedule: [SchedulerNode(name='buf558')]
[triton.py:1228 CODE] schedule: [SchedulerNode(name='buf559')]
[triton.py:1228 CODE] schedule: [SchedulerNode(name='buf560')]
[triton.py:1228 CODE] schedule: [SchedulerNode(name='buf561')]
[triton.py:1228 CODE] schedule: [SchedulerNode(name='buf562')]
[triton.py:1228 CODE] schedule: [SchedulerNode(name='buf563')]
[triton.py:1228 CODE] schedule: [SchedulerNode(name='buf564')]
[triton.py:1228 CODE] schedule: [SchedulerNode(name='buf565')]
[triton.py:1228 CODE] schedule: [SchedulerNode(name='buf566')]
[triton.py:1228 CODE] schedule: [SchedulerNode(name='buf567')]
[triton.py:1228 CODE] schedule: [SchedulerNode(name='buf568')]
[triton.py:1228 CODE] schedule: [SchedulerNode(name='buf569')]
[triton.py:1228 CODE] schedule: [SchedulerNode(name='buf570')]
[triton.py:1228 CODE] schedule: [SchedulerNode(name='buf571')]
[triton.py:1228 CODE] schedule: [SchedulerNode(name='buf572')]
[triton.py:1228 CODE] schedule: [SchedulerNode(name='buf573')]
[triton.py:1228 CODE] schedule: [SchedulerNode(name='buf574')]
[triton.py:1228 CODE] schedule: [SchedulerNode(name='buf575')]
[triton.py:1228 CODE] schedule: [SchedulerNode(name='buf576')]
[triton.py:1228 CODE] schedule: [SchedulerNode(name='buf577')]
[triton.py:1228 CODE] schedule: [SchedulerNode(name='buf578')]
[triton.py:1228 CODE] schedule: [SchedulerNode(name='buf579')]
[triton.py:1228 CODE] schedule: [SchedulerNode(name='buf580')]
[triton.py:1228 CODE] schedule: [SchedulerNode(name='buf581')]
[triton.py:1228 CODE] schedule: [SchedulerNode(name='buf582')]
[triton.py:1228 CODE] schedule: [SchedulerNode(name='buf583')]
[triton.py:1228 CODE] schedule: [SchedulerNode(name='buf584')]
[triton.py:1228 CODE] schedule: [SchedulerNode(name='buf585')]
[triton.py:1228 CODE] schedule: [SchedulerNode(name='buf586')]
[triton.py:1228 CODE] schedule: [SchedulerNode(name='buf587')]
[triton.py:1228 CODE] schedule: [SchedulerNode(name='buf588')]
[triton.py:1228 CODE] schedule: [SchedulerNode(name='buf589')]
[triton.py:1228 CODE] schedule: [SchedulerNode(name='buf590')]
[triton.py:1228 CODE] schedule: [SchedulerNode(name='buf591')]
[triton.py:1228 CODE] schedule: [SchedulerNode(name='buf592')]
[triton.py:1228 CODE] schedule: [SchedulerNode(name='buf593')]
[triton.py:1228 CODE] schedule: [SchedulerNode(name='buf594')]
[triton.py:1228 CODE] schedule: [SchedulerNode(name='buf595')]
[triton.py:1228 CODE] schedule: [SchedulerNode(name='buf596')]
[triton.py:1228 CODE] schedule: [SchedulerNode(name='buf597')]
[triton.py:1228 CODE] schedule: [SchedulerNode(name='buf598')]
[triton.py:1228 CODE] schedule: [SchedulerNode(name='buf599')]
[triton.py:1228 CODE] schedule: [SchedulerNode(name='buf600')]
[triton.py:1228 CODE] schedule: [SchedulerNode(name='buf601')]
[triton.py:1228 CODE] schedule: [SchedulerNode(name='buf602')]
[triton.py:1228 CODE] schedule: [SchedulerNode(name='buf603')]
[triton.py:1228 CODE] schedule: [SchedulerNode(name='buf604')]
[triton.py:1228 CODE] schedule: [SchedulerNode(name='buf605')]
[triton.py:1228 CODE] schedule: [SchedulerNode(name='buf606')]
[triton.py:1228 CODE] schedule: [SchedulerNode(name='buf607')]
[triton.py:1228 CODE] schedule: [SchedulerNode(name='buf608')]
[triton.py:1228 CODE] schedule: [SchedulerNode(name='buf609')]
[triton.py:1228 CODE] schedule: [SchedulerNode(name='buf610')]
[triton.py:1228 CODE] schedule: [SchedulerNode(name='buf611')]
[triton.py:1228 CODE] schedule: [SchedulerNode(name='buf612')]
[triton.py:1228 CODE] schedule: [SchedulerNode(name='buf613')]
[triton.py:1228 CODE] schedule: [SchedulerNode(name='buf614')]
[triton.py:1228 CODE] schedule: [SchedulerNode(name='buf615')]
[triton.py:1228 CODE] schedule: [SchedulerNode(name='buf616')]
[triton.py:1228 CODE] schedule: [SchedulerNode(name='buf617')]
[triton.py:1228 CODE] schedule: [SchedulerNode(name='buf618')]
[triton.py:1228 CODE] schedule: [SchedulerNode(name='buf619')]
[triton.py:1228 CODE] schedule: [SchedulerNode(name='buf620')]
[triton.py:1228 CODE] schedule: [SchedulerNode(name='buf621')]
[triton.py:1228 CODE] schedule: [SchedulerNode(name='buf622')]
[triton.py:1228 CODE] schedule: [SchedulerNode(name='buf623')]
[triton.py:1228 CODE] schedule: [SchedulerNode(name='buf624')]
[triton.py:1228 CODE] schedule: [SchedulerNode(name='buf625')]
[triton.py:1228 CODE] schedule: [SchedulerNode(name='buf626')]
[triton.py:1228 CODE] schedule: [SchedulerNode(name='buf627')]
[triton.py:1228 CODE] schedule: [SchedulerNode(name='buf628')]
[triton.py:1228 CODE] schedule: [SchedulerNode(name='buf629')]
[triton.py:1228 CODE] schedule: [SchedulerNode(name='buf630')]
[triton.py:1228 CODE] schedule: [SchedulerNode(name='buf631')]
[triton.py:1228 CODE] schedule: [SchedulerNode(name='buf632')]
[triton.py:1228 CODE] schedule: [SchedulerNode(name='buf633')]
[triton.py:1228 CODE] schedule: [SchedulerNode(name='buf634')]
[triton.py:1228 CODE] schedule: [SchedulerNode(name='buf635')]
[triton.py:1228 CODE] schedule: [SchedulerNode(name='buf636')]
[triton.py:1228 CODE] schedule: [SchedulerNode(name='buf637')]
[triton.py:1228 CODE] schedule: [SchedulerNode(name='buf638')]
[triton.py:1228 CODE] schedule: [SchedulerNode(name='buf639')]
[triton.py:1228 CODE] schedule: [SchedulerNode(name='buf640')]
[triton.py:1228 CODE] schedule: [SchedulerNode(name='buf641')]
[triton.py:1228 CODE] schedule: [SchedulerNode(name='buf642')]
[triton.py:1228 CODE] schedule: [SchedulerNode(name='buf643')]
[triton.py:1228 CODE] schedule: [SchedulerNode(name='buf644')]
[triton.py:1228 CODE] schedule: [SchedulerNode(name='buf645')]
[triton.py:1228 CODE] schedule: [SchedulerNode(name='buf646')]
[triton.py:1228 CODE] schedule: [SchedulerNode(name='buf647')]
[triton.py:1228 CODE] schedule: [SchedulerNode(name='buf648')]
[triton.py:1228 CODE] schedule: [SchedulerNode(name='buf649')]
[triton.py:1228 CODE] schedule: [SchedulerNode(name='buf650')]
[triton.py:1228 CODE] schedule: [SchedulerNode(name='buf651')]
[graph.py:340 CODE] Output code: /tmp/torchinductor_eellison/i5/ci5mrsxt333tnspaculvciklet2igps23cbk7tdje5jpmx5kw5uf.py
[logging.py:86 INFO] Step 3: torchinductor done compiling FORWARDS graph 0
[debug.py:272 WARNING] MT5ForConditionalGeneration_forward_0 debug trace: /scratch/eellison/work/pytorch/benchmarks/torchdynamo_debug/run_2022_10_28_23_07_41_148591/torchinductor/debug.97119.0
