[logging.py:86 INFO] Step 3: torchinductor compiling BACKWARDS graph 0
[triton.py:1228 CODE] schedule: [SchedulerNode(name='buf0')]
[triton.py:1228 CODE] schedule: [SchedulerNode(name='buf1')]
[triton.py:1228 CODE] schedule: [SchedulerNode(name='buf2')]
[triton.py:1228 CODE] schedule: [SchedulerNode(name='buf3')]
[triton.py:1228 CODE] schedule: [SchedulerNode(name='buf4')]
[triton.py:1228 CODE] schedule: [SchedulerNode(name='buf5')]
[triton.py:1228 CODE] schedule: [SchedulerNode(name='buf6')]
[triton.py:1228 CODE] schedule: [SchedulerNode(name='buf7')]
[triton.py:1228 CODE] schedule: [SchedulerNode(name='buf8')]
[triton.py:1228 CODE] schedule: [SchedulerNode(name='buf9')]
[triton.py:1228 CODE] schedule: [SchedulerNode(name='buf10')]
[triton.py:1228 CODE] schedule: [SchedulerNode(name='buf11')]
[triton.py:1228 CODE] schedule: [SchedulerNode(name='buf12')]
[triton.py:1228 CODE] schedule: [SchedulerNode(name='buf13')]
[triton.py:1228 CODE] schedule: [SchedulerNode(name='buf14')]
[triton.py:1228 CODE] schedule: [SchedulerNode(name='buf15')]
[triton.py:1228 CODE] schedule: [SchedulerNode(name='buf16')]
[triton.py:1228 CODE] schedule: [SchedulerNode(name='buf17')]
[triton.py:1228 CODE] schedule: [SchedulerNode(name='buf18')]
[triton.py:1228 CODE] schedule: [SchedulerNode(name='buf19')]
[triton.py:1228 CODE] schedule: [SchedulerNode(name='buf20')]
[triton.py:1228 CODE] schedule: [SchedulerNode(name='buf21')]
[triton.py:1228 CODE] schedule: [SchedulerNode(name='buf22')]
[triton.py:1228 CODE] schedule: [SchedulerNode(name='buf23')]
[triton.py:1228 CODE] schedule: [SchedulerNode(name='buf24')]
[triton.py:1228 CODE] schedule: [SchedulerNode(name='buf25')]
[triton.py:1228 CODE] schedule: [SchedulerNode(name='buf26')]
[triton.py:1228 CODE] schedule: [SchedulerNode(name='buf27')]
[triton.py:1228 CODE] schedule: [SchedulerNode(name='buf28')]
[triton.py:1228 CODE] schedule: [SchedulerNode(name='buf29')]
[triton.py:1228 CODE] schedule: [SchedulerNode(name='buf30')]
[triton.py:1228 CODE] schedule: [SchedulerNode(name='buf31')]
[triton.py:1228 CODE] schedule: [SchedulerNode(name='buf32')]
[triton.py:1228 CODE] schedule: [SchedulerNode(name='buf33')]
[triton.py:1228 CODE] schedule: [SchedulerNode(name='buf34')]
[triton.py:1228 CODE] schedule: [SchedulerNode(name='buf35')]
[triton.py:1228 CODE] schedule: [SchedulerNode(name='buf36')]
[triton.py:1228 CODE] schedule: [SchedulerNode(name='buf39')]
[triton.py:1228 CODE] schedule: [SchedulerNode(name='buf40')]
[triton.py:1228 CODE] schedule: [SchedulerNode(name='buf41')]
[triton.py:1228 CODE] schedule: [SchedulerNode(name='buf42')]
[triton.py:1228 CODE] schedule: [SchedulerNode(name='buf43')]
[triton.py:1228 CODE] schedule: [SchedulerNode(name='buf46')]
[triton.py:1228 CODE] schedule: [SchedulerNode(name='buf49')]
[triton.py:1228 CODE] schedule: [SchedulerNode(name='buf50')]
[triton.py:1228 CODE] schedule: [SchedulerNode(name='buf53')]
[triton.py:1228 CODE] schedule: [SchedulerNode(name='buf54')]
[triton.py:1228 CODE] schedule: [SchedulerNode(name='buf55')]
[triton.py:1228 CODE] schedule: [SchedulerNode(name='buf56')]
[triton.py:1228 CODE] schedule: [SchedulerNode(name='buf57')]
[triton.py:1228 CODE] schedule: [SchedulerNode(name='buf60')]
[triton.py:1228 CODE] schedule: [SchedulerNode(name='buf63')]
[triton.py:1228 CODE] schedule: [SchedulerNode(name='buf64')]
[triton.py:1228 CODE] schedule: [SchedulerNode(name='buf67')]
[triton.py:1228 CODE] schedule: [SchedulerNode(name='buf70')]
[triton.py:1228 CODE] schedule: [SchedulerNode(name='buf73')]
[triton.py:1228 CODE] schedule: [SchedulerNode(name='buf74')]
[triton.py:1228 CODE] schedule: [SchedulerNode(name='buf77')]
[triton.py:1228 CODE] schedule: [SchedulerNode(name='buf78')]
[triton.py:1228 CODE] schedule: [SchedulerNode(name='buf79')]
[triton.py:1228 CODE] schedule: [SchedulerNode(name='buf80')]
[triton.py:1228 CODE] schedule: [SchedulerNode(name='buf81')]
[triton.py:1228 CODE] schedule: [SchedulerNode(name='buf84')]
[triton.py:1228 CODE] schedule: [SchedulerNode(name='buf87')]
[triton.py:1228 CODE] schedule: [SchedulerNode(name='buf88')]
[triton.py:1228 CODE] schedule: [SchedulerNode(name='buf91')]
[triton.py:1228 CODE] schedule: [SchedulerNode(name='buf94')]
[triton.py:1228 CODE] schedule: [SchedulerNode(name='buf97')]
[triton.py:1228 CODE] schedule: [SchedulerNode(name='buf100')]
[triton.py:1228 CODE] schedule: [SchedulerNode(name='buf101')]
[triton.py:1228 CODE] schedule: [SchedulerNode(name='buf102')]
[triton.py:1228 CODE] schedule: [SchedulerNode(name='buf103')]
[triton.py:1228 CODE] schedule: [SchedulerNode(name='buf104')]
[triton.py:1228 CODE] schedule: [SchedulerNode(name='buf107')]
[triton.py:1228 CODE] schedule: [SchedulerNode(name='buf110')]
[triton.py:1228 CODE] schedule: [SchedulerNode(name='buf111')]
[triton.py:1228 CODE] schedule: [SchedulerNode(name='buf114')]
[triton.py:1228 CODE] schedule: [SchedulerNode(name='buf115')]
[triton.py:1228 CODE] schedule: [SchedulerNode(name='buf116')]
[triton.py:1228 CODE] schedule: [SchedulerNode(name='buf117')]
[triton.py:1228 CODE] schedule: [SchedulerNode(name='buf118')]
[triton.py:1228 CODE] schedule: [SchedulerNode(name='buf121')]
[triton.py:1228 CODE] schedule: [SchedulerNode(name='buf124')]
[triton.py:1228 CODE] schedule: [SchedulerNode(name='buf125')]
[triton.py:1228 CODE] schedule: [SchedulerNode(name='buf128')]
[triton.py:1228 CODE] schedule: [SchedulerNode(name='buf131')]
[triton.py:1228 CODE] schedule: [SchedulerNode(name='buf134')]
[triton.py:1228 CODE] schedule: [SchedulerNode(name='buf135')]
[triton.py:1228 CODE] schedule: [SchedulerNode(name='buf138')]
[triton.py:1228 CODE] schedule: [SchedulerNode(name='buf139')]
[triton.py:1228 CODE] schedule: [SchedulerNode(name='buf140')]
[triton.py:1228 CODE] schedule: [SchedulerNode(name='buf141')]
[triton.py:1228 CODE] schedule: [SchedulerNode(name='buf142')]
[triton.py:1228 CODE] schedule: [SchedulerNode(name='buf145')]
[triton.py:1228 CODE] schedule: [SchedulerNode(name='buf148')]
[triton.py:1228 CODE] schedule: [SchedulerNode(name='buf149')]
[triton.py:1228 CODE] schedule: [SchedulerNode(name='buf152')]
[triton.py:1228 CODE] schedule: [SchedulerNode(name='buf155')]
[triton.py:1228 CODE] schedule: [SchedulerNode(name='buf158')]
[triton.py:1228 CODE] schedule: [SchedulerNode(name='buf161')]
[triton.py:1228 CODE] schedule: [SchedulerNode(name='buf162')]
[triton.py:1228 CODE] schedule: [SchedulerNode(name='buf163')]
[triton.py:1228 CODE] schedule: [SchedulerNode(name='buf164')]
[triton.py:1228 CODE] schedule: [SchedulerNode(name='buf165')]
[triton.py:1228 CODE] schedule: [SchedulerNode(name='buf168')]
[triton.py:1228 CODE] schedule: [SchedulerNode(name='buf171')]
[triton.py:1228 CODE] schedule: [SchedulerNode(name='buf172')]
[triton.py:1228 CODE] schedule: [SchedulerNode(name='buf175')]
[triton.py:1228 CODE] schedule: [SchedulerNode(name='buf176')]
[triton.py:1228 CODE] schedule: [SchedulerNode(name='buf177')]
[triton.py:1228 CODE] schedule: [SchedulerNode(name='buf178')]
[triton.py:1228 CODE] schedule: [SchedulerNode(name='buf179')]
[triton.py:1228 CODE] schedule: [SchedulerNode(name='buf182')]
[triton.py:1228 CODE] schedule: [SchedulerNode(name='buf185')]
[triton.py:1228 CODE] schedule: [SchedulerNode(name='buf186')]
[triton.py:1228 CODE] schedule: [SchedulerNode(name='buf189')]
[triton.py:1228 CODE] schedule: [SchedulerNode(name='buf192')]
[triton.py:1228 CODE] schedule: [SchedulerNode(name='buf195')]
[triton.py:1228 CODE] schedule: [SchedulerNode(name='buf196')]
[triton.py:1228 CODE] schedule: [SchedulerNode(name='buf199')]
[triton.py:1228 CODE] schedule: [SchedulerNode(name='buf200')]
[triton.py:1228 CODE] schedule: [SchedulerNode(name='buf201')]
[triton.py:1228 CODE] schedule: [SchedulerNode(name='buf202')]
[triton.py:1228 CODE] schedule: [SchedulerNode(name='buf203')]
[triton.py:1228 CODE] schedule: [SchedulerNode(name='buf206')]
[triton.py:1228 CODE] schedule: [SchedulerNode(name='buf209')]
[triton.py:1228 CODE] schedule: [SchedulerNode(name='buf210')]
[triton.py:1228 CODE] schedule: [SchedulerNode(name='buf213')]
[triton.py:1228 CODE] schedule: [SchedulerNode(name='buf216')]
[triton.py:1228 CODE] schedule: [SchedulerNode(name='buf219')]
[triton.py:1228 CODE] schedule: [SchedulerNode(name='buf222')]
[triton.py:1228 CODE] schedule: [SchedulerNode(name='buf223')]
[triton.py:1228 CODE] schedule: [SchedulerNode(name='buf224')]
[triton.py:1228 CODE] schedule: [SchedulerNode(name='buf225')]
[triton.py:1228 CODE] schedule: [SchedulerNode(name='buf226')]
[triton.py:1228 CODE] schedule: [SchedulerNode(name='buf229')]
[triton.py:1228 CODE] schedule: [SchedulerNode(name='buf232')]
[triton.py:1228 CODE] schedule: [SchedulerNode(name='buf233')]
[triton.py:1228 CODE] schedule: [SchedulerNode(name='buf236')]
[triton.py:1228 CODE] schedule: [SchedulerNode(name='buf237')]
[triton.py:1228 CODE] schedule: [SchedulerNode(name='buf238')]
[triton.py:1228 CODE] schedule: [SchedulerNode(name='buf239')]
[triton.py:1228 CODE] schedule: [SchedulerNode(name='buf240')]
[triton.py:1228 CODE] schedule: [SchedulerNode(name='buf243')]
[triton.py:1228 CODE] schedule: [SchedulerNode(name='buf246')]
[triton.py:1228 CODE] schedule: [SchedulerNode(name='buf247')]
[triton.py:1228 CODE] schedule: [SchedulerNode(name='buf250')]
[triton.py:1228 CODE] schedule: [SchedulerNode(name='buf253')]
[triton.py:1228 CODE] schedule: [SchedulerNode(name='buf256')]
[triton.py:1228 CODE] schedule: [SchedulerNode(name='buf257')]
[triton.py:1228 CODE] schedule: [SchedulerNode(name='buf258')]
[triton.py:1228 CODE] schedule: [SchedulerNode(name='buf261')]
[triton.py:1228 CODE] schedule: [SchedulerNode(name='buf262')]
[triton.py:1228 CODE] schedule: [SchedulerNode(name='buf263')]
[triton.py:1228 CODE] schedule: [SchedulerNode(name='buf264')]
[triton.py:1228 CODE] schedule: [SchedulerNode(name='buf265')]
[triton.py:1228 CODE] schedule: [SchedulerNode(name='buf268')]
[triton.py:1228 CODE] schedule: [SchedulerNode(name='buf271')]
[triton.py:1228 CODE] schedule: [SchedulerNode(name='buf272')]
[triton.py:1228 CODE] schedule: [SchedulerNode(name='buf273')]
[triton.py:1228 CODE] schedule: [SchedulerNode(name='buf276')]
[triton.py:1228 CODE] schedule: [SchedulerNode(name='buf279')]
[triton.py:1228 CODE] schedule: [SchedulerNode(name='buf282')]
[triton.py:1228 CODE] schedule: [SchedulerNode(name='buf285')]
[triton.py:1228 CODE] schedule: [SchedulerNode(name='buf286')]
[triton.py:1228 CODE] schedule: [SchedulerNode(name='buf287')]
[triton.py:1228 CODE] schedule: [SchedulerNode(name='buf288')]
[triton.py:1228 CODE] schedule: [SchedulerNode(name='buf289')]
[triton.py:1228 CODE] schedule: [SchedulerNode(name='buf292')]
[triton.py:1228 CODE] schedule: [SchedulerNode(name='buf295')]
[triton.py:1228 CODE] schedule: [SchedulerNode(name='buf296')]
[triton.py:1228 CODE] schedule: [SchedulerNode(name='buf299')]
[triton.py:1228 CODE] schedule: [SchedulerNode(name='buf300')]
[triton.py:1228 CODE] schedule: [SchedulerNode(name='buf301')]
[triton.py:1228 CODE] schedule: [SchedulerNode(name='buf302')]
[triton.py:1228 CODE] schedule: [SchedulerNode(name='buf303')]
[triton.py:1228 CODE] schedule: [SchedulerNode(name='buf306')]
[triton.py:1228 CODE] schedule: [SchedulerNode(name='buf309')]
[triton.py:1228 CODE] schedule: [SchedulerNode(name='buf310')]
[triton.py:1228 CODE] schedule: [SchedulerNode(name='buf313')]
[triton.py:1228 CODE] schedule: [SchedulerNode(name='buf316')]
[triton.py:1228 CODE] schedule: [SchedulerNode(name='buf319')]
[triton.py:1228 CODE] schedule: [SchedulerNode(name='buf320')]
[triton.py:1228 CODE] schedule: [SchedulerNode(name='buf323')]
[triton.py:1228 CODE] schedule: [SchedulerNode(name='buf324')]
[triton.py:1228 CODE] schedule: [SchedulerNode(name='buf325')]
[triton.py:1228 CODE] schedule: [SchedulerNode(name='buf326')]
[triton.py:1228 CODE] schedule: [SchedulerNode(name='buf327')]
[triton.py:1228 CODE] schedule: [SchedulerNode(name='buf330')]
[triton.py:1228 CODE] schedule: [SchedulerNode(name='buf333')]
[triton.py:1228 CODE] schedule: [SchedulerNode(name='buf334')]
[triton.py:1228 CODE] schedule: [SchedulerNode(name='buf337')]
[triton.py:1228 CODE] schedule: [SchedulerNode(name='buf340')]
[triton.py:1228 CODE] schedule: [SchedulerNode(name='buf343')]
[triton.py:1228 CODE] schedule: [SchedulerNode(name='buf346')]
[triton.py:1228 CODE] schedule: [SchedulerNode(name='buf347')]
[triton.py:1228 CODE] schedule: [SchedulerNode(name='buf348')]
[triton.py:1228 CODE] schedule: [SchedulerNode(name='buf349')]
[triton.py:1228 CODE] schedule: [SchedulerNode(name='buf350')]
[triton.py:1228 CODE] schedule: [SchedulerNode(name='buf353')]
[triton.py:1228 CODE] schedule: [SchedulerNode(name='buf356')]
[triton.py:1228 CODE] schedule: [SchedulerNode(name='buf357')]
[triton.py:1228 CODE] schedule: [SchedulerNode(name='buf360')]
[triton.py:1228 CODE] schedule: [SchedulerNode(name='buf361')]
[triton.py:1228 CODE] schedule: [SchedulerNode(name='buf362')]
[triton.py:1228 CODE] schedule: [SchedulerNode(name='buf363')]
[triton.py:1228 CODE] schedule: [SchedulerNode(name='buf364')]
[triton.py:1228 CODE] schedule: [SchedulerNode(name='buf367')]
[triton.py:1228 CODE] schedule: [SchedulerNode(name='buf370')]
[triton.py:1228 CODE] schedule: [SchedulerNode(name='buf371')]
[triton.py:1228 CODE] schedule: [SchedulerNode(name='buf374')]
[triton.py:1228 CODE] schedule: [SchedulerNode(name='buf377')]
[triton.py:1228 CODE] schedule: [SchedulerNode(name='buf380')]
[triton.py:1228 CODE] schedule: [SchedulerNode(name='buf381')]
[triton.py:1228 CODE] schedule: [SchedulerNode(name='buf384')]
[triton.py:1228 CODE] schedule: [SchedulerNode(name='buf385')]
[triton.py:1228 CODE] schedule: [SchedulerNode(name='buf386')]
[triton.py:1228 CODE] schedule: [SchedulerNode(name='buf387')]
[triton.py:1228 CODE] schedule: [SchedulerNode(name='buf388')]
[triton.py:1228 CODE] schedule: [SchedulerNode(name='buf391')]
[triton.py:1228 CODE] schedule: [SchedulerNode(name='buf394')]
[triton.py:1228 CODE] schedule: [SchedulerNode(name='buf395')]
[triton.py:1228 CODE] schedule: [SchedulerNode(name='buf398')]
[triton.py:1228 CODE] schedule: [SchedulerNode(name='buf401')]
[triton.py:1228 CODE] schedule: [SchedulerNode(name='buf404')]
[triton.py:1228 CODE] schedule: [SchedulerNode(name='buf407')]
[triton.py:1228 CODE] schedule: [SchedulerNode(name='buf408')]
[triton.py:1228 CODE] schedule: [SchedulerNode(name='buf409')]
[triton.py:1228 CODE] schedule: [SchedulerNode(name='buf410')]
[triton.py:1228 CODE] schedule: [SchedulerNode(name='buf411')]
[triton.py:1228 CODE] schedule: [SchedulerNode(name='buf414')]
[triton.py:1228 CODE] schedule: [SchedulerNode(name='buf417')]
[triton.py:1228 CODE] schedule: [SchedulerNode(name='buf418')]
[triton.py:1228 CODE] schedule: [SchedulerNode(name='buf421')]
[triton.py:1228 CODE] schedule: [SchedulerNode(name='buf422')]
[triton.py:1228 CODE] schedule: [SchedulerNode(name='buf423')]
[triton.py:1228 CODE] schedule: [SchedulerNode(name='buf424')]
[triton.py:1228 CODE] schedule: [SchedulerNode(name='buf425')]
[triton.py:1228 CODE] schedule: [SchedulerNode(name='buf428')]
[triton.py:1228 CODE] schedule: [SchedulerNode(name='buf431')]
[triton.py:1228 CODE] schedule: [SchedulerNode(name='buf432')]
[triton.py:1228 CODE] schedule: [SchedulerNode(name='buf435')]
[triton.py:1228 CODE] schedule: [SchedulerNode(name='buf438')]
[triton.py:1228 CODE] schedule: [SchedulerNode(name='buf441')]
[triton.py:1228 CODE] schedule: [SchedulerNode(name='buf442')]
[triton.py:1228 CODE] schedule: [SchedulerNode(name='buf445')]
[triton.py:1228 CODE] schedule: [SchedulerNode(name='buf446')]
[triton.py:1228 CODE] schedule: [SchedulerNode(name='buf447')]
[triton.py:1228 CODE] schedule: [SchedulerNode(name='buf448')]
[triton.py:1228 CODE] schedule: [SchedulerNode(name='buf449')]
[triton.py:1228 CODE] schedule: [SchedulerNode(name='buf452')]
[triton.py:1228 CODE] schedule: [SchedulerNode(name='buf455')]
[triton.py:1228 CODE] schedule: [SchedulerNode(name='buf456')]
[triton.py:1228 CODE] schedule: [SchedulerNode(name='buf457')]
[triton.py:1228 CODE] schedule: [SchedulerNode(name='buf460')]
[triton.py:1228 CODE] schedule: [SchedulerNode(name='buf463')]
[triton.py:1228 CODE] schedule: [SchedulerNode(name='buf466')]
[triton.py:1228 CODE] schedule: [SchedulerNode(name='buf469')]
[triton.py:1228 CODE] schedule: [SchedulerNode(name='buf470')]
[triton.py:1228 CODE] schedule: [SchedulerNode(name='buf471')]
[triton.py:1228 CODE] schedule: [SchedulerNode(name='buf472')]
[triton.py:1228 CODE] schedule: [SchedulerNode(name='buf473')]
[triton.py:1228 CODE] schedule: [SchedulerNode(name='buf476')]
[triton.py:1228 CODE] schedule: [SchedulerNode(name='buf479')]
[triton.py:1228 CODE] schedule: [SchedulerNode(name='buf480')]
[triton.py:1228 CODE] schedule: [SchedulerNode(name='buf483')]
[triton.py:1228 CODE] schedule: [SchedulerNode(name='buf484')]
[triton.py:1228 CODE] schedule: [SchedulerNode(name='buf485')]
[triton.py:1228 CODE] schedule: [SchedulerNode(name='buf486')]
[triton.py:1228 CODE] schedule: [SchedulerNode(name='buf487')]
[triton.py:1228 CODE] schedule: [SchedulerNode(name='buf490')]
[triton.py:1228 CODE] schedule: [SchedulerNode(name='buf493')]
[triton.py:1228 CODE] schedule: [SchedulerNode(name='buf494')]
[triton.py:1228 CODE] schedule: [SchedulerNode(name='buf497')]
[triton.py:1228 CODE] schedule: [SchedulerNode(name='buf500')]
[triton.py:1228 CODE] schedule: [SchedulerNode(name='buf503')]
[triton.py:1228 CODE] schedule: [SchedulerNode(name='buf504')]
[triton.py:1228 CODE] schedule: [SchedulerNode(name='buf505')]
[triton.py:1228 CODE] schedule: [SchedulerNode(name='buf508')]
[triton.py:1228 CODE] schedule: [SchedulerNode(name='buf509')]
[triton.py:1228 CODE] schedule: [SchedulerNode(name='buf510')]
[triton.py:1228 CODE] schedule: [SchedulerNode(name='buf511')]
[triton.py:1228 CODE] schedule: [SchedulerNode(name='buf512')]
[triton.py:1228 CODE] schedule: [SchedulerNode(name='buf515')]
[triton.py:1228 CODE] schedule: [SchedulerNode(name='buf518')]
[triton.py:1228 CODE] schedule: [SchedulerNode(name='buf519')]
[triton.py:1228 CODE] schedule: [SchedulerNode(name='buf520')]
[triton.py:1228 CODE] schedule: [SchedulerNode(name='buf521')]
[triton.py:1228 CODE] schedule: [SchedulerNode(name='buf522')]
[triton.py:1228 CODE] schedule: [SchedulerNode(name='buf525')]
[triton.py:1228 CODE] schedule: [SchedulerNode(name='buf528')]
[triton.py:1228 CODE] schedule: [SchedulerNode(name='buf531')]
[triton.py:1228 CODE] schedule: [SchedulerNode(name='buf534')]
[triton.py:1228 CODE] schedule: [SchedulerNode(name='buf535')]
[triton.py:1228 CODE] schedule: [SchedulerNode(name='buf536')]
[triton.py:1228 CODE] schedule: [SchedulerNode(name='buf537')]
[triton.py:1228 CODE] schedule: [SchedulerNode(name='buf538')]
[triton.py:1228 CODE] schedule: [SchedulerNode(name='buf539')]
[triton.py:1228 CODE] schedule: [SchedulerNode(name='buf540')]
[triton.py:1228 CODE] schedule: [SchedulerNode(name='buf541')]
[triton.py:1228 CODE] schedule: [SchedulerNode(name='buf542')]
[triton.py:1228 CODE] schedule: [SchedulerNode(name='buf543')]
[triton.py:1228 CODE] schedule: [SchedulerNode(name='buf544')]
[triton.py:1228 CODE] schedule: [SchedulerNode(name='buf547')]
[triton.py:1228 CODE] schedule: [SchedulerNode(name='buf550')]
[triton.py:1228 CODE] schedule: [SchedulerNode(name='buf551')]
[triton.py:1228 CODE] schedule: [SchedulerNode(name='buf554')]
[triton.py:1228 CODE] schedule: [SchedulerNode(name='buf555')]
[triton.py:1228 CODE] schedule: [SchedulerNode(name='buf556')]
[triton.py:1228 CODE] schedule: [SchedulerNode(name='buf557')]
[triton.py:1228 CODE] schedule: [SchedulerNode(name='buf558')]
[triton.py:1228 CODE] schedule: [SchedulerNode(name='buf561')]
[triton.py:1228 CODE] schedule: [SchedulerNode(name='buf564')]
[triton.py:1228 CODE] schedule: [SchedulerNode(name='buf565')]
[triton.py:1228 CODE] schedule: [SchedulerNode(name='buf568')]
[triton.py:1228 CODE] schedule: [SchedulerNode(name='buf571')]
[triton.py:1228 CODE] schedule: [SchedulerNode(name='buf574')]
[triton.py:1228 CODE] schedule: [SchedulerNode(name='buf577')]
[triton.py:1228 CODE] schedule: [SchedulerNode(name='buf578')]
[triton.py:1228 CODE] schedule: [SchedulerNode(name='buf579')]
[triton.py:1228 CODE] schedule: [SchedulerNode(name='buf580')]
[triton.py:1228 CODE] schedule: [SchedulerNode(name='buf581')]
[triton.py:1228 CODE] schedule: [SchedulerNode(name='buf584')]
[triton.py:1228 CODE] schedule: [SchedulerNode(name='buf587')]
[triton.py:1228 CODE] schedule: [SchedulerNode(name='buf588')]
[triton.py:1228 CODE] schedule: [SchedulerNode(name='buf591')]
[triton.py:1228 CODE] schedule: [SchedulerNode(name='buf592')]
[triton.py:1228 CODE] schedule: [SchedulerNode(name='buf593')]
[triton.py:1228 CODE] schedule: [SchedulerNode(name='buf594')]
[triton.py:1228 CODE] schedule: [SchedulerNode(name='buf595')]
[triton.py:1228 CODE] schedule: [SchedulerNode(name='buf598')]
[triton.py:1228 CODE] schedule: [SchedulerNode(name='buf601')]
[triton.py:1228 CODE] schedule: [SchedulerNode(name='buf602')]
[triton.py:1228 CODE] schedule: [SchedulerNode(name='buf605')]
[triton.py:1228 CODE] schedule: [SchedulerNode(name='buf608')]
[triton.py:1228 CODE] schedule: [SchedulerNode(name='buf611')]
[triton.py:1228 CODE] schedule: [SchedulerNode(name='buf614')]
[triton.py:1228 CODE] schedule: [SchedulerNode(name='buf615')]
[triton.py:1228 CODE] schedule: [SchedulerNode(name='buf616')]
[triton.py:1228 CODE] schedule: [SchedulerNode(name='buf617')]
[triton.py:1228 CODE] schedule: [SchedulerNode(name='buf618')]
[triton.py:1228 CODE] schedule: [SchedulerNode(name='buf621')]
[triton.py:1228 CODE] schedule: [SchedulerNode(name='buf624')]
[triton.py:1228 CODE] schedule: [SchedulerNode(name='buf625')]
[triton.py:1228 CODE] schedule: [SchedulerNode(name='buf628')]
[triton.py:1228 CODE] schedule: [SchedulerNode(name='buf629')]
[triton.py:1228 CODE] schedule: [SchedulerNode(name='buf630')]
[triton.py:1228 CODE] schedule: [SchedulerNode(name='buf631')]
[triton.py:1228 CODE] schedule: [SchedulerNode(name='buf632')]
[triton.py:1228 CODE] schedule: [SchedulerNode(name='buf635')]
[triton.py:1228 CODE] schedule: [SchedulerNode(name='buf638')]
[triton.py:1228 CODE] schedule: [SchedulerNode(name='buf639')]
[triton.py:1228 CODE] schedule: [SchedulerNode(name='buf642')]
[triton.py:1228 CODE] schedule: [SchedulerNode(name='buf645')]
[triton.py:1228 CODE] schedule: [SchedulerNode(name='buf648')]
[triton.py:1228 CODE] schedule: [SchedulerNode(name='buf651')]
[triton.py:1228 CODE] schedule: [SchedulerNode(name='buf652')]
[triton.py:1228 CODE] schedule: [SchedulerNode(name='buf653')]
[triton.py:1228 CODE] schedule: [SchedulerNode(name='buf654')]
[triton.py:1228 CODE] schedule: [SchedulerNode(name='buf655')]
[triton.py:1228 CODE] schedule: [SchedulerNode(name='buf658')]
[triton.py:1228 CODE] schedule: [SchedulerNode(name='buf661')]
[triton.py:1228 CODE] schedule: [SchedulerNode(name='buf662')]
[triton.py:1228 CODE] schedule: [SchedulerNode(name='buf665')]
[triton.py:1228 CODE] schedule: [SchedulerNode(name='buf666')]
[triton.py:1228 CODE] schedule: [SchedulerNode(name='buf667')]
[triton.py:1228 CODE] schedule: [SchedulerNode(name='buf668')]
[triton.py:1228 CODE] schedule: [SchedulerNode(name='buf669')]
[triton.py:1228 CODE] schedule: [SchedulerNode(name='buf672')]
[triton.py:1228 CODE] schedule: [SchedulerNode(name='buf675')]
[triton.py:1228 CODE] schedule: [SchedulerNode(name='buf676')]
[triton.py:1228 CODE] schedule: [SchedulerNode(name='buf677')]
[triton.py:1228 CODE] schedule: [SchedulerNode(name='buf680')]
[triton.py:1228 CODE] schedule: [SchedulerNode(name='buf683')]
[triton.py:1228 CODE] schedule: [SchedulerNode(name='buf686')]
[triton.py:1228 CODE] schedule: [SchedulerNode(name='buf689')]
[triton.py:1228 CODE] schedule: [SchedulerNode(name='buf690')]
[triton.py:1228 CODE] schedule: [SchedulerNode(name='buf691')]
[triton.py:1228 CODE] schedule: [SchedulerNode(name='buf692')]
[triton.py:1228 CODE] schedule: [SchedulerNode(name='buf693')]
[triton.py:1228 CODE] schedule: [SchedulerNode(name='buf696')]
[triton.py:1228 CODE] schedule: [SchedulerNode(name='buf699')]
[triton.py:1228 CODE] schedule: [SchedulerNode(name='buf700')]
[triton.py:1228 CODE] schedule: [SchedulerNode(name='buf703')]
[triton.py:1228 CODE] schedule: [SchedulerNode(name='buf704')]
[triton.py:1228 CODE] schedule: [SchedulerNode(name='buf705')]
[triton.py:1228 CODE] schedule: [SchedulerNode(name='buf706')]
[triton.py:1228 CODE] schedule: [SchedulerNode(name='buf707')]
[triton.py:1228 CODE] schedule: [SchedulerNode(name='buf710')]
[triton.py:1228 CODE] schedule: [SchedulerNode(name='buf713')]
[triton.py:1228 CODE] schedule: [SchedulerNode(name='buf714')]
[triton.py:1228 CODE] schedule: [SchedulerNode(name='buf717')]
[triton.py:1228 CODE] schedule: [SchedulerNode(name='buf720')]
[triton.py:1228 CODE] schedule: [SchedulerNode(name='buf723')]
[triton.py:1228 CODE] schedule: [SchedulerNode(name='buf726')]
[triton.py:1228 CODE] schedule: [SchedulerNode(name='buf727')]
[triton.py:1228 CODE] schedule: [SchedulerNode(name='buf728')]
[triton.py:1228 CODE] schedule: [SchedulerNode(name='buf729')]
[triton.py:1228 CODE] schedule: [SchedulerNode(name='buf730')]
[triton.py:1228 CODE] schedule: [SchedulerNode(name='buf733')]
[triton.py:1228 CODE] schedule: [SchedulerNode(name='buf736')]
[triton.py:1228 CODE] schedule: [SchedulerNode(name='buf737')]
[triton.py:1228 CODE] schedule: [SchedulerNode(name='buf740')]
[triton.py:1228 CODE] schedule: [SchedulerNode(name='buf741')]
[triton.py:1228 CODE] schedule: [SchedulerNode(name='buf742')]
[triton.py:1228 CODE] schedule: [SchedulerNode(name='buf743')]
[triton.py:1228 CODE] schedule: [SchedulerNode(name='buf744')]
[triton.py:1228 CODE] schedule: [SchedulerNode(name='buf747')]
[triton.py:1228 CODE] schedule: [SchedulerNode(name='buf750')]
[triton.py:1228 CODE] schedule: [SchedulerNode(name='buf751')]
[triton.py:1228 CODE] schedule: [SchedulerNode(name='buf754')]
[triton.py:1228 CODE] schedule: [SchedulerNode(name='buf757')]
[triton.py:1228 CODE] schedule: [SchedulerNode(name='buf760')]
[triton.py:1228 CODE] schedule: [SchedulerNode(name='buf763')]
[triton.py:1228 CODE] schedule: [SchedulerNode(name='buf764')]
[triton.py:1228 CODE] schedule: [SchedulerNode(name='buf765')]
[triton.py:1228 CODE] schedule: [SchedulerNode(name='buf766')]
[triton.py:1228 CODE] schedule: [SchedulerNode(name='buf767')]
[triton.py:1228 CODE] schedule: [SchedulerNode(name='buf770')]
[triton.py:1228 CODE] schedule: [SchedulerNode(name='buf773')]
[triton.py:1228 CODE] schedule: [SchedulerNode(name='buf774')]
[triton.py:1228 CODE] schedule: [SchedulerNode(name='buf777')]
[triton.py:1228 CODE] schedule: [SchedulerNode(name='buf778')]
[triton.py:1228 CODE] schedule: [SchedulerNode(name='buf779')]
[triton.py:1228 CODE] schedule: [SchedulerNode(name='buf780')]
[triton.py:1228 CODE] schedule: [SchedulerNode(name='buf781')]
[triton.py:1228 CODE] schedule: [SchedulerNode(name='buf784')]
[triton.py:1228 CODE] schedule: [SchedulerNode(name='buf787')]
[triton.py:1228 CODE] schedule: [SchedulerNode(name='buf788')]
[triton.py:1228 CODE] schedule: [SchedulerNode(name='buf789')]
[triton.py:1228 CODE] schedule: [SchedulerNode(name='buf792')]
[triton.py:1228 CODE] schedule: [SchedulerNode(name='buf795')]
[triton.py:1228 CODE] schedule: [SchedulerNode(name='buf798')]
[triton.py:1228 CODE] schedule: [SchedulerNode(name='buf801')]
[triton.py:1228 CODE] schedule: [SchedulerNode(name='buf802')]
[triton.py:1228 CODE] schedule: [SchedulerNode(name='buf803')]
[triton.py:1228 CODE] schedule: [SchedulerNode(name='buf804')]
[triton.py:1228 CODE] schedule: [SchedulerNode(name='buf805')]
[triton.py:1228 CODE] schedule: [SchedulerNode(name='buf808')]
[triton.py:1228 CODE] schedule: [SchedulerNode(name='buf811')]
[triton.py:1228 CODE] schedule: [SchedulerNode(name='buf812')]
[triton.py:1228 CODE] schedule: [SchedulerNode(name='buf815')]
[triton.py:1228 CODE] schedule: [SchedulerNode(name='buf816')]
[triton.py:1228 CODE] schedule: [SchedulerNode(name='buf817')]
[triton.py:1228 CODE] schedule: [SchedulerNode(name='buf818')]
[triton.py:1228 CODE] schedule: [SchedulerNode(name='buf819')]
[triton.py:1228 CODE] schedule: [SchedulerNode(name='buf822')]
[triton.py:1228 CODE] schedule: [SchedulerNode(name='buf825')]
[triton.py:1228 CODE] schedule: [SchedulerNode(name='buf826')]
[triton.py:1228 CODE] schedule: [SchedulerNode(name='buf827')]
[triton.py:1228 CODE] schedule: [SchedulerNode(name='buf828')]
[triton.py:1228 CODE] schedule: [SchedulerNode(name='buf829')]
[triton.py:1228 CODE] schedule: [SchedulerNode(name='buf832')]
[triton.py:1228 CODE] schedule: [SchedulerNode(name='buf835')]
[triton.py:1228 CODE] schedule: [SchedulerNode(name='buf838')]
[triton.py:1228 CODE] schedule: [SchedulerNode(name='buf841')]
[triton.py:1228 CODE] schedule: [SchedulerNode(name='buf842')]
[triton.py:1228 CODE] schedule: [SchedulerNode(name='buf843')]
[triton.py:1228 CODE] schedule: [SchedulerNode(name='buf844')]
[triton.py:1228 CODE] schedule: [SchedulerNode(name='buf845')]
[triton.py:1228 CODE] schedule: [SchedulerNode(name='buf846')]
[triton.py:1228 CODE] schedule: [SchedulerNode(name='buf847')]
[graph.py:340 CODE] Output code: /tmp/torchinductor_eellison/sp/cspgc3vn2pd62t7fcisbntkfn5c3vi4af3klyns76f2fdflc2qfj.py
[logging.py:86 INFO] Step 3: torchinductor done compiling BACKWARDS graph 0
[debug.py:272 WARNING] MT5ForConditionalGeneration_backward_0 debug trace: /scratch/eellison/work/pytorch/benchmarks/torchdynamo_debug/run_2022_10_28_23_07_41_148591/torchinductor/debug.97119.1
