[logging.py:86 INFO] Step 3: torchinductor compiling FORWARDS graph 0
[lowering.py:987 WARNING] using triton random, expect difference from eager
[triton.py:1228 CODE] schedule: [SchedulerNode(name='buf0')]
[triton.py:1228 CODE] schedule: [SchedulerNode(name='buf1')]
[triton.py:1228 CODE] schedule: [SchedulerNode(name='buf2')]
[triton.py:1228 CODE] schedule: [SchedulerNode(name='buf3')]
[triton.py:1228 CODE] schedule: [SchedulerNode(name='buf4')]
[triton.py:1228 CODE] schedule: [SchedulerNode(name='buf5')]
[triton.py:1228 CODE] schedule: [SchedulerNode(name='buf9')]
[triton.py:1228 CODE] schedule: [SchedulerNode(name='buf10')]
[triton.py:1228 CODE] schedule: [SchedulerNode(name='buf12')]
[triton.py:1228 CODE] schedule: [SchedulerNode(name='buf13')]
[triton.py:1228 CODE] schedule: [SchedulerNode(name='buf14')]
[triton.py:1228 CODE] schedule: [SchedulerNode(name='buf15')]
[triton.py:1228 CODE] schedule: [SchedulerNode(name='buf17')]
[triton.py:1228 CODE] schedule: [SchedulerNode(name='buf19')]
[triton.py:1228 CODE] schedule: [SchedulerNode(name='buf20')]
[triton.py:1228 CODE] schedule: [SchedulerNode(name='buf21')]
[triton.py:1228 CODE] schedule: [SchedulerNode(name='buf22')]
[triton.py:1228 CODE] schedule: [SchedulerNode(name='buf23')]
[triton.py:1228 CODE] schedule: [SchedulerNode(name='buf25')]
[triton.py:1228 CODE] schedule: [SchedulerNode(name='buf27')]
[triton.py:1228 CODE] schedule: [SchedulerNode(name='buf28')]
[triton.py:1228 CODE] schedule: [SchedulerNode(name='buf29')]
[triton.py:1228 CODE] schedule: [SchedulerNode(name='buf30')]
[triton.py:1228 CODE] schedule: [SchedulerNode(name='buf31')]
[triton.py:1228 CODE] schedule: [SchedulerNode(name='buf35')]
[triton.py:1228 CODE] schedule: [SchedulerNode(name='buf36')]
[triton.py:1228 CODE] schedule: [SchedulerNode(name='buf38')]
[triton.py:1228 CODE] schedule: [SchedulerNode(name='buf39')]
[triton.py:1228 CODE] schedule: [SchedulerNode(name='buf40')]
[triton.py:1228 CODE] schedule: [SchedulerNode(name='buf41')]
[triton.py:1228 CODE] schedule: [SchedulerNode(name='buf43')]
[triton.py:1228 CODE] schedule: [SchedulerNode(name='buf45')]
[triton.py:1228 CODE] schedule: [SchedulerNode(name='buf46')]
[triton.py:1228 CODE] schedule: [SchedulerNode(name='buf47')]
[triton.py:1228 CODE] schedule: [SchedulerNode(name='buf48')]
[triton.py:1228 CODE] schedule: [SchedulerNode(name='buf49')]
[triton.py:1228 CODE] schedule: [SchedulerNode(name='buf51')]
[triton.py:1228 CODE] schedule: [SchedulerNode(name='buf53')]
[triton.py:1228 CODE] schedule: [SchedulerNode(name='buf54')]
[triton.py:1228 CODE] schedule: [SchedulerNode(name='buf55')]
[triton.py:1228 CODE] schedule: [SchedulerNode(name='buf56')]
[triton.py:1228 CODE] schedule: [SchedulerNode(name='buf57')]
[triton.py:1228 CODE] schedule: [SchedulerNode(name='buf61')]
[triton.py:1228 CODE] schedule: [SchedulerNode(name='buf62')]
[triton.py:1228 CODE] schedule: [SchedulerNode(name='buf64')]
[triton.py:1228 CODE] schedule: [SchedulerNode(name='buf65')]
[triton.py:1228 CODE] schedule: [SchedulerNode(name='buf66')]
[triton.py:1228 CODE] schedule: [SchedulerNode(name='buf67')]
[triton.py:1228 CODE] schedule: [SchedulerNode(name='buf69')]
[triton.py:1228 CODE] schedule: [SchedulerNode(name='buf71')]
[triton.py:1228 CODE] schedule: [SchedulerNode(name='buf72')]
[triton.py:1228 CODE] schedule: [SchedulerNode(name='buf73')]
[triton.py:1228 CODE] schedule: [SchedulerNode(name='buf74')]
[triton.py:1228 CODE] schedule: [SchedulerNode(name='buf75')]
[triton.py:1228 CODE] schedule: [SchedulerNode(name='buf77')]
[triton.py:1228 CODE] schedule: [SchedulerNode(name='buf79')]
[triton.py:1228 CODE] schedule: [SchedulerNode(name='buf80')]
[triton.py:1228 CODE] schedule: [SchedulerNode(name='buf81')]
[triton.py:1228 CODE] schedule: [SchedulerNode(name='buf82')]
[triton.py:1228 CODE] schedule: [SchedulerNode(name='buf83')]
[triton.py:1228 CODE] schedule: [SchedulerNode(name='buf87')]
[triton.py:1228 CODE] schedule: [SchedulerNode(name='buf88')]
[triton.py:1228 CODE] schedule: [SchedulerNode(name='buf90')]
[triton.py:1228 CODE] schedule: [SchedulerNode(name='buf91')]
[triton.py:1228 CODE] schedule: [SchedulerNode(name='buf92')]
[triton.py:1228 CODE] schedule: [SchedulerNode(name='buf93')]
[triton.py:1228 CODE] schedule: [SchedulerNode(name='buf95')]
[triton.py:1228 CODE] schedule: [SchedulerNode(name='buf97')]
[triton.py:1228 CODE] schedule: [SchedulerNode(name='buf98')]
[triton.py:1228 CODE] schedule: [SchedulerNode(name='buf99')]
[triton.py:1228 CODE] schedule: [SchedulerNode(name='buf100')]
[triton.py:1228 CODE] schedule: [SchedulerNode(name='buf101')]
[triton.py:1228 CODE] schedule: [SchedulerNode(name='buf103')]
[triton.py:1228 CODE] schedule: [SchedulerNode(name='buf105')]
[triton.py:1228 CODE] schedule: [SchedulerNode(name='buf106')]
[triton.py:1228 CODE] schedule: [SchedulerNode(name='buf107')]
[triton.py:1228 CODE] schedule: [SchedulerNode(name='buf108')]
[triton.py:1228 CODE] schedule: [SchedulerNode(name='buf109')]
[triton.py:1228 CODE] schedule: [SchedulerNode(name='buf113')]
[triton.py:1228 CODE] schedule: [SchedulerNode(name='buf114')]
[triton.py:1228 CODE] schedule: [SchedulerNode(name='buf116')]
[triton.py:1228 CODE] schedule: [SchedulerNode(name='buf117')]
[triton.py:1228 CODE] schedule: [SchedulerNode(name='buf118')]
[triton.py:1228 CODE] schedule: [SchedulerNode(name='buf119')]
[triton.py:1228 CODE] schedule: [SchedulerNode(name='buf121')]
[triton.py:1228 CODE] schedule: [SchedulerNode(name='buf123')]
[triton.py:1228 CODE] schedule: [SchedulerNode(name='buf124')]
[triton.py:1228 CODE] schedule: [SchedulerNode(name='buf125')]
[triton.py:1228 CODE] schedule: [SchedulerNode(name='buf126')]
[triton.py:1228 CODE] schedule: [SchedulerNode(name='buf127')]
[triton.py:1228 CODE] schedule: [SchedulerNode(name='buf129')]
[triton.py:1228 CODE] schedule: [SchedulerNode(name='buf131')]
[triton.py:1228 CODE] schedule: [SchedulerNode(name='buf132')]
[triton.py:1228 CODE] schedule: [SchedulerNode(name='buf133')]
[triton.py:1228 CODE] schedule: [SchedulerNode(name='buf134')]
[triton.py:1228 CODE] schedule: [SchedulerNode(name='buf135')]
[triton.py:1228 CODE] schedule: [SchedulerNode(name='buf139')]
[triton.py:1228 CODE] schedule: [SchedulerNode(name='buf140')]
[triton.py:1228 CODE] schedule: [SchedulerNode(name='buf142')]
[triton.py:1228 CODE] schedule: [SchedulerNode(name='buf143')]
[triton.py:1228 CODE] schedule: [SchedulerNode(name='buf144')]
[triton.py:1228 CODE] schedule: [SchedulerNode(name='buf145')]
[triton.py:1228 CODE] schedule: [SchedulerNode(name='buf147')]
[triton.py:1228 CODE] schedule: [SchedulerNode(name='buf149')]
[triton.py:1228 CODE] schedule: [SchedulerNode(name='buf150')]
[triton.py:1228 CODE] schedule: [SchedulerNode(name='buf151')]
[triton.py:1228 CODE] schedule: [SchedulerNode(name='buf152')]
[triton.py:1228 CODE] schedule: [SchedulerNode(name='buf153')]
[triton.py:1228 CODE] schedule: [SchedulerNode(name='buf155')]
[triton.py:1228 CODE] schedule: [SchedulerNode(name='buf157')]
[triton.py:1228 CODE] schedule: [SchedulerNode(name='buf158')]
[triton.py:1228 CODE] schedule: [SchedulerNode(name='buf159')]
[triton.py:1228 CODE] schedule: [SchedulerNode(name='buf160')]
[triton.py:1228 CODE] schedule: [SchedulerNode(name='buf161')]
[triton.py:1228 CODE] schedule: [SchedulerNode(name='buf165')]
[triton.py:1228 CODE] schedule: [SchedulerNode(name='buf166')]
[triton.py:1228 CODE] schedule: [SchedulerNode(name='buf168')]
[triton.py:1228 CODE] schedule: [SchedulerNode(name='buf169')]
[triton.py:1228 CODE] schedule: [SchedulerNode(name='buf170')]
[triton.py:1228 CODE] schedule: [SchedulerNode(name='buf171')]
[triton.py:1228 CODE] schedule: [SchedulerNode(name='buf173')]
[triton.py:1228 CODE] schedule: [SchedulerNode(name='buf175')]
[triton.py:1228 CODE] schedule: [SchedulerNode(name='buf176')]
[triton.py:1228 CODE] schedule: [SchedulerNode(name='buf177')]
[triton.py:1228 CODE] schedule: [SchedulerNode(name='buf178')]
[triton.py:1228 CODE] schedule: [SchedulerNode(name='buf179')]
[triton.py:1228 CODE] schedule: [SchedulerNode(name='buf181')]
[triton.py:1228 CODE] schedule: [SchedulerNode(name='buf183')]
[triton.py:1228 CODE] schedule: [SchedulerNode(name='buf184')]
[triton.py:1228 CODE] schedule: [SchedulerNode(name='buf185')]
[triton.py:1228 CODE] schedule: [SchedulerNode(name='buf186')]
[triton.py:1228 CODE] schedule: [SchedulerNode(name='buf187')]
[triton.py:1228 CODE] schedule: [SchedulerNode(name='buf191')]
[triton.py:1228 CODE] schedule: [SchedulerNode(name='buf192')]
[triton.py:1228 CODE] schedule: [SchedulerNode(name='buf194')]
[triton.py:1228 CODE] schedule: [SchedulerNode(name='buf195')]
[triton.py:1228 CODE] schedule: [SchedulerNode(name='buf196')]
[triton.py:1228 CODE] schedule: [SchedulerNode(name='buf197')]
[triton.py:1228 CODE] schedule: [SchedulerNode(name='buf199')]
[triton.py:1228 CODE] schedule: [SchedulerNode(name='buf201')]
[triton.py:1228 CODE] schedule: [SchedulerNode(name='buf202')]
[triton.py:1228 CODE] schedule: [SchedulerNode(name='buf203')]
[triton.py:1228 CODE] schedule: [SchedulerNode(name='buf204')]
[triton.py:1228 CODE] schedule: [SchedulerNode(name='buf205')]
[triton.py:1228 CODE] schedule: [SchedulerNode(name='buf207')]
[triton.py:1228 CODE] schedule: [SchedulerNode(name='buf209')]
[triton.py:1228 CODE] schedule: [SchedulerNode(name='buf210')]
[triton.py:1228 CODE] schedule: [SchedulerNode(name='buf211')]
[triton.py:1228 CODE] schedule: [SchedulerNode(name='buf212')]
[triton.py:1228 CODE] schedule: [SchedulerNode(name='buf213')]
[triton.py:1228 CODE] schedule: [SchedulerNode(name='buf217')]
[triton.py:1228 CODE] schedule: [SchedulerNode(name='buf218')]
[triton.py:1228 CODE] schedule: [SchedulerNode(name='buf220')]
[triton.py:1228 CODE] schedule: [SchedulerNode(name='buf221')]
[triton.py:1228 CODE] schedule: [SchedulerNode(name='buf222')]
[triton.py:1228 CODE] schedule: [SchedulerNode(name='buf223')]
[triton.py:1228 CODE] schedule: [SchedulerNode(name='buf225')]
[triton.py:1228 CODE] schedule: [SchedulerNode(name='buf227')]
[triton.py:1228 CODE] schedule: [SchedulerNode(name='buf228')]
[triton.py:1228 CODE] schedule: [SchedulerNode(name='buf229')]
[triton.py:1228 CODE] schedule: [SchedulerNode(name='buf230')]
[triton.py:1228 CODE] schedule: [SchedulerNode(name='buf231')]
[triton.py:1228 CODE] schedule: [SchedulerNode(name='buf233')]
[triton.py:1228 CODE] schedule: [SchedulerNode(name='buf235')]
[triton.py:1228 CODE] schedule: [SchedulerNode(name='buf236')]
[triton.py:1228 CODE] schedule: [SchedulerNode(name='buf237')]
[triton.py:1228 CODE] schedule: [SchedulerNode(name='buf238')]
[triton.py:1228 CODE] schedule: [SchedulerNode(name='buf239')]
[triton.py:1228 CODE] schedule: [SchedulerNode(name='buf243')]
[triton.py:1228 CODE] schedule: [SchedulerNode(name='buf244')]
[triton.py:1228 CODE] schedule: [SchedulerNode(name='buf246')]
[triton.py:1228 CODE] schedule: [SchedulerNode(name='buf247')]
[triton.py:1228 CODE] schedule: [SchedulerNode(name='buf248')]
[triton.py:1228 CODE] schedule: [SchedulerNode(name='buf249')]
[triton.py:1228 CODE] schedule: [SchedulerNode(name='buf251')]
[triton.py:1228 CODE] schedule: [SchedulerNode(name='buf253')]
[triton.py:1228 CODE] schedule: [SchedulerNode(name='buf254')]
[triton.py:1228 CODE] schedule: [SchedulerNode(name='buf255')]
[triton.py:1228 CODE] schedule: [SchedulerNode(name='buf256')]
[triton.py:1228 CODE] schedule: [SchedulerNode(name='buf257')]
[triton.py:1228 CODE] schedule: [SchedulerNode(name='buf259')]
[triton.py:1228 CODE] schedule: [SchedulerNode(name='buf261')]
[triton.py:1228 CODE] schedule: [SchedulerNode(name='buf262')]
[triton.py:1228 CODE] schedule: [SchedulerNode(name='buf263')]
[triton.py:1228 CODE] schedule: [SchedulerNode(name='buf264')]
[triton.py:1228 CODE] schedule: [SchedulerNode(name='buf265')]
[triton.py:1228 CODE] schedule: [SchedulerNode(name='buf269')]
[triton.py:1228 CODE] schedule: [SchedulerNode(name='buf270')]
[triton.py:1228 CODE] schedule: [SchedulerNode(name='buf272')]
[triton.py:1228 CODE] schedule: [SchedulerNode(name='buf273')]
[triton.py:1228 CODE] schedule: [SchedulerNode(name='buf274')]
[triton.py:1228 CODE] schedule: [SchedulerNode(name='buf275')]
[triton.py:1228 CODE] schedule: [SchedulerNode(name='buf277')]
[triton.py:1228 CODE] schedule: [SchedulerNode(name='buf279')]
[triton.py:1228 CODE] schedule: [SchedulerNode(name='buf280')]
[triton.py:1228 CODE] schedule: [SchedulerNode(name='buf281')]
[triton.py:1228 CODE] schedule: [SchedulerNode(name='buf282')]
[triton.py:1228 CODE] schedule: [SchedulerNode(name='buf283')]
[triton.py:1228 CODE] schedule: [SchedulerNode(name='buf285')]
[triton.py:1228 CODE] schedule: [SchedulerNode(name='buf287')]
[triton.py:1228 CODE] schedule: [SchedulerNode(name='buf288')]
[triton.py:1228 CODE] schedule: [SchedulerNode(name='buf289')]
[triton.py:1228 CODE] schedule: [SchedulerNode(name='buf290')]
[triton.py:1228 CODE] schedule: [SchedulerNode(name='buf291')]
[triton.py:1228 CODE] schedule: [SchedulerNode(name='buf295')]
[triton.py:1228 CODE] schedule: [SchedulerNode(name='buf296')]
[triton.py:1228 CODE] schedule: [SchedulerNode(name='buf298')]
[triton.py:1228 CODE] schedule: [SchedulerNode(name='buf299')]
[triton.py:1228 CODE] schedule: [SchedulerNode(name='buf300')]
[triton.py:1228 CODE] schedule: [SchedulerNode(name='buf301')]
[triton.py:1228 CODE] schedule: [SchedulerNode(name='buf303')]
[triton.py:1228 CODE] schedule: [SchedulerNode(name='buf305')]
[triton.py:1228 CODE] schedule: [SchedulerNode(name='buf306')]
[triton.py:1228 CODE] schedule: [SchedulerNode(name='buf307')]
[triton.py:1228 CODE] schedule: [SchedulerNode(name='buf308')]
[triton.py:1228 CODE] schedule: [SchedulerNode(name='buf309')]
[triton.py:1228 CODE] schedule: [SchedulerNode(name='buf311')]
[triton.py:1228 CODE] schedule: [SchedulerNode(name='buf313')]
[triton.py:1228 CODE] schedule: [SchedulerNode(name='buf314')]
[triton.py:1228 CODE] schedule: [SchedulerNode(name='buf315')]
[triton.py:1228 CODE] schedule: [SchedulerNode(name='buf316')]
[triton.py:1228 CODE] schedule: [SchedulerNode(name='buf317')]
[triton.py:1228 CODE] schedule: [SchedulerNode(name='buf319')]
[triton.py:1228 CODE] schedule: [SchedulerNode(name='buf320')]
[triton.py:1228 CODE] schedule: [SchedulerNode(name='buf321')]
[triton.py:1228 CODE] schedule: [SchedulerNode(name='buf322')]
[triton.py:1228 CODE] schedule: [SchedulerNode(name='buf323')]
[triton.py:1228 CODE] schedule: [SchedulerNode(name='buf325')]
[triton.py:1228 CODE] schedule: [SchedulerNode(name='buf326')]
[triton.py:1228 CODE] schedule: [SchedulerNode(name='buf327')]
[triton.py:1228 CODE] schedule: [SchedulerNode(name='buf328')]
[triton.py:1228 CODE] schedule: [SchedulerNode(name='buf329')]
[triton.py:1228 CODE] schedule: [SchedulerNode(name='buf330')]
[triton.py:1228 CODE] schedule: [SchedulerNode(name='buf331')]
[triton.py:1228 CODE] schedule: [SchedulerNode(name='buf332')]
[triton.py:1228 CODE] schedule: [SchedulerNode(name='buf333')]
[triton.py:1228 CODE] schedule: [SchedulerNode(name='buf334')]
[triton.py:1228 CODE] schedule: [SchedulerNode(name='buf335')]
[triton.py:1228 CODE] schedule: [SchedulerNode(name='buf336')]
[triton.py:1228 CODE] schedule: [SchedulerNode(name='buf337')]
[triton.py:1228 CODE] schedule: [SchedulerNode(name='buf338')]
[triton.py:1228 CODE] schedule: [SchedulerNode(name='buf339')]
[triton.py:1228 CODE] schedule: [SchedulerNode(name='buf340')]
[triton.py:1228 CODE] schedule: [SchedulerNode(name='buf341')]
[triton.py:1228 CODE] schedule: [SchedulerNode(name='buf342')]
[triton.py:1228 CODE] schedule: [SchedulerNode(name='buf343')]
[triton.py:1228 CODE] schedule: [SchedulerNode(name='buf344')]
[triton.py:1228 CODE] schedule: [SchedulerNode(name='buf345')]
[triton.py:1228 CODE] schedule: [SchedulerNode(name='buf346')]
[triton.py:1228 CODE] schedule: [SchedulerNode(name='buf347')]
[triton.py:1228 CODE] schedule: [SchedulerNode(name='buf348')]
[triton.py:1228 CODE] schedule: [SchedulerNode(name='buf349')]
[triton.py:1228 CODE] schedule: [SchedulerNode(name='buf350')]
[triton.py:1228 CODE] schedule: [SchedulerNode(name='buf351')]
[triton.py:1228 CODE] schedule: [SchedulerNode(name='buf352')]
[triton.py:1228 CODE] schedule: [SchedulerNode(name='buf353')]
[triton.py:1228 CODE] schedule: [SchedulerNode(name='buf354')]
[triton.py:1228 CODE] schedule: [SchedulerNode(name='buf355')]
[triton.py:1228 CODE] schedule: [SchedulerNode(name='buf356')]
[triton.py:1228 CODE] schedule: [SchedulerNode(name='buf357')]
[triton.py:1228 CODE] schedule: [SchedulerNode(name='buf358')]
[triton.py:1228 CODE] schedule: [SchedulerNode(name='buf359')]
[triton.py:1228 CODE] schedule: [SchedulerNode(name='buf360')]
[triton.py:1228 CODE] schedule: [SchedulerNode(name='buf361')]
[triton.py:1228 CODE] schedule: [SchedulerNode(name='buf362')]
[triton.py:1228 CODE] schedule: [SchedulerNode(name='buf363')]
[triton.py:1228 CODE] schedule: [SchedulerNode(name='buf364')]
[triton.py:1228 CODE] schedule: [SchedulerNode(name='buf365')]
[triton.py:1228 CODE] schedule: [SchedulerNode(name='buf366')]
[triton.py:1228 CODE] schedule: [SchedulerNode(name='buf367')]
[triton.py:1228 CODE] schedule: [SchedulerNode(name='buf368')]
[triton.py:1228 CODE] schedule: [SchedulerNode(name='buf369')]
[triton.py:1228 CODE] schedule: [SchedulerNode(name='buf370')]
[triton.py:1228 CODE] schedule: [SchedulerNode(name='buf371')]
[triton.py:1228 CODE] schedule: [SchedulerNode(name='buf372')]
[triton.py:1228 CODE] schedule: [SchedulerNode(name='buf373')]
[triton.py:1228 CODE] schedule: [SchedulerNode(name='buf374')]
[triton.py:1228 CODE] schedule: [SchedulerNode(name='buf375')]
[triton.py:1228 CODE] schedule: [SchedulerNode(name='buf376')]
[triton.py:1228 CODE] schedule: [SchedulerNode(name='buf377')]
[triton.py:1228 CODE] schedule: [SchedulerNode(name='buf378')]
[triton.py:1228 CODE] schedule: [SchedulerNode(name='buf379')]
[triton.py:1228 CODE] schedule: [SchedulerNode(name='buf380')]
[triton.py:1228 CODE] schedule: [SchedulerNode(name='buf381')]
[triton.py:1228 CODE] schedule: [SchedulerNode(name='buf382')]
[triton.py:1228 CODE] schedule: [SchedulerNode(name='buf383')]
[triton.py:1228 CODE] schedule: [SchedulerNode(name='buf384')]
[triton.py:1228 CODE] schedule: [SchedulerNode(name='buf385')]
[triton.py:1228 CODE] schedule: [SchedulerNode(name='buf386')]
[triton.py:1228 CODE] schedule: [SchedulerNode(name='buf387')]
[triton.py:1228 CODE] schedule: [SchedulerNode(name='buf388')]
[triton.py:1228 CODE] schedule: [SchedulerNode(name='buf389')]
[triton.py:1228 CODE] schedule: [SchedulerNode(name='buf390')]
[triton.py:1228 CODE] schedule: [SchedulerNode(name='buf391')]
[triton.py:1228 CODE] schedule: [SchedulerNode(name='buf392')]
[triton.py:1228 CODE] schedule: [SchedulerNode(name='buf393')]
[triton.py:1228 CODE] schedule: [SchedulerNode(name='buf394')]
[triton.py:1228 CODE] schedule: [SchedulerNode(name='buf395')]
[triton.py:1228 CODE] schedule: [SchedulerNode(name='buf396')]
[triton.py:1228 CODE] schedule: [SchedulerNode(name='buf397')]
[triton.py:1228 CODE] schedule: [SchedulerNode(name='buf398')]
[triton.py:1228 CODE] schedule: [SchedulerNode(name='buf399')]
[triton.py:1228 CODE] schedule: [SchedulerNode(name='buf400')]
[triton.py:1228 CODE] schedule: [SchedulerNode(name='buf401')]
[triton.py:1228 CODE] schedule: [SchedulerNode(name='buf402')]
[triton.py:1228 CODE] schedule: [SchedulerNode(name='buf403')]
[triton.py:1228 CODE] schedule: [SchedulerNode(name='buf404')]
[triton.py:1228 CODE] schedule: [SchedulerNode(name='buf405')]
[triton.py:1228 CODE] schedule: [SchedulerNode(name='buf406')]
[triton.py:1228 CODE] schedule: [SchedulerNode(name='buf407')]
[triton.py:1228 CODE] schedule: [SchedulerNode(name='buf408')]
[triton.py:1228 CODE] schedule: [SchedulerNode(name='buf409')]
[triton.py:1228 CODE] schedule: [SchedulerNode(name='buf410')]
[triton.py:1228 CODE] schedule: [SchedulerNode(name='buf411')]
[triton.py:1228 CODE] schedule: [SchedulerNode(name='buf412')]
[triton.py:1228 CODE] schedule: [SchedulerNode(name='buf413')]
[triton.py:1228 CODE] schedule: [SchedulerNode(name='buf414')]
[triton.py:1228 CODE] schedule: [SchedulerNode(name='buf415')]
[triton.py:1228 CODE] schedule: [SchedulerNode(name='buf416')]
[triton.py:1228 CODE] schedule: [SchedulerNode(name='buf417')]
[graph.py:340 CODE] Output code: /tmp/torchinductor_eellison/cw/ccw6ufypvf6ju4zewy57izrngneafan7ija6mfamkfhx7giy56e2.py
[logging.py:86 INFO] Step 3: torchinductor done compiling FORWARDS graph 0
[debug.py:272 WARNING] BertForMaskedLM_forward_0 debug trace: /scratch/eellison/work/pytorch/benchmarks/torchdynamo_debug/run_2022_10_28_22_55_51_487078/torchinductor/debug.93521.0
